Component: ARM Compiler 5.06 update 7 (build 960) Tool: armlink [4d3601]

==============================================================================

Section Cross References

    gd32f10x_it.o(i.SysTick_Handler) refers to systick.o(i.delay_decrement) for delay_decrement
    gd32f10x_it.o(i.SysTick_Handler) refers to main.o(.bss) for UpdataA
    gd32f10x_it.o(i.USART0_IRQHandler) refers to gd32f10x_usart.o(i.usart_interrupt_flag_get) for usart_interrupt_flag_get
    gd32f10x_it.o(i.USART0_IRQHandler) refers to gd32f10x_usart.o(i.usart_flag_get) for usart_flag_get
    gd32f10x_it.o(i.USART0_IRQHandler) refers to gd32f10x_usart.o(i.usart_data_receive) for usart_data_receive
    gd32f10x_it.o(i.USART0_IRQHandler) refers to gd32f10x_dma.o(i.dma_transfer_number_get) for dma_transfer_number_get
    gd32f10x_it.o(i.USART0_IRQHandler) refers to gd32f10x_dma.o(i.dma_channel_disable) for dma_channel_disable
    gd32f10x_it.o(i.USART0_IRQHandler) refers to gd32f10x_dma.o(i.dma_transfer_number_config) for dma_transfer_number_config
    gd32f10x_it.o(i.USART0_IRQHandler) refers to gd32f10x_dma.o(i.dma_memory_address_config) for dma_memory_address_config
    gd32f10x_it.o(i.USART0_IRQHandler) refers to gd32f10x_dma.o(i.dma_channel_enable) for dma_channel_enable
    gd32f10x_it.o(i.USART0_IRQHandler) refers to uart.o(.bss) for U0CB
    gd32f10x_it.o(i.USART2_IRQHandler) refers to gd32f10x_usart.o(i.usart_interrupt_flag_get) for usart_interrupt_flag_get
    gd32f10x_it.o(i.USART2_IRQHandler) refers to gd32f10x_usart.o(i.usart_flag_get) for usart_flag_get
    gd32f10x_it.o(i.USART2_IRQHandler) refers to gd32f10x_usart.o(i.usart_data_receive) for usart_data_receive
    gd32f10x_it.o(i.USART2_IRQHandler) refers to gd32f10x_dma.o(i.dma_transfer_number_get) for dma_transfer_number_get
    gd32f10x_it.o(i.USART2_IRQHandler) refers to gd32f10x_dma.o(i.dma_channel_disable) for dma_channel_disable
    gd32f10x_it.o(i.USART2_IRQHandler) refers to gd32f10x_dma.o(i.dma_transfer_number_config) for dma_transfer_number_config
    gd32f10x_it.o(i.USART2_IRQHandler) refers to gd32f10x_dma.o(i.dma_memory_address_config) for dma_memory_address_config
    gd32f10x_it.o(i.USART2_IRQHandler) refers to gd32f10x_dma.o(i.dma_channel_enable) for dma_channel_enable
    gd32f10x_it.o(i.USART2_IRQHandler) refers to uart.o(.bss) for U2CB
    systick.o(i.delay_1ms) refers to systick.o(.data) for delay
    systick.o(i.delay_decrement) refers to systick.o(.data) for delay
    systick.o(i.systick_config) refers to systick.o(i.NVIC_SetPriority) for NVIC_SetPriority
    systick.o(i.systick_config) refers to system_gd32f10x.o(.data) for SystemCoreClock
    main.o(i.main) refers to systick.o(i.systick_config) for systick_config
    main.o(i.main) refers to uart.o(i.uart0_init) for uart0_init
    main.o(i.main) refers to at24cxx.o(i.i2c_eeprom_init) for i2c_eeprom_init
    main.o(i.main) refers to w25q64.o(i.w25q64_init) for w25q64_init
    main.o(i.main) refers to boot.o(i.at24cxx_read_OTA_info) for at24cxx_read_OTA_info
    main.o(i.main) refers to boot.o(i.bootloader_branch) for bootloader_branch
    main.o(i.main) refers to boot.o(i.u0_input_detection) for u0_input_detection
    main.o(i.main) refers to boot.o(i.u0_printf_C) for u0_printf_C
    main.o(i.main) refers to boot.o(i.event_write_eflash_to_A) for event_write_eflash_to_A
    boot.o(i.at24cxx_read_OTA_info) refers to memseta.o(.text) for __aeabi_memclr4
    boot.o(i.at24cxx_read_OTA_info) refers to at24cxx.o(i.eeprom_buffer_read_timeout) for eeprom_buffer_read_timeout
    boot.o(i.at24cxx_read_OTA_info) refers to main.o(.bss) for OTA_Info
    boot.o(i.at24cxx_write_OTA_info) refers to at24cxx.o(i.eeprom_page_write_timeout) for eeprom_page_write_timeout
    boot.o(i.at24cxx_write_OTA_info) refers to systick.o(i.delay_1ms) for delay_1ms
    boot.o(i.at24cxx_write_OTA_info) refers to main.o(.bss) for OTA_Info
    boot.o(i.bootloader_branch) refers to boot.o(i.bootloader_enter) for bootloader_enter
    boot.o(i.bootloader_branch) refers to uart.o(i.u0_printf) for u0_printf
    boot.o(i.bootloader_branch) refers to boot.o(i.load_A) for load_A
    boot.o(i.bootloader_branch) refers to boot.o(i.bootloader_info) for bootloader_info
    boot.o(i.bootloader_branch) refers to main.o(.bss) for OTA_Info
    boot.o(i.bootloader_branch) refers to main.o(.data) for BootSta_Flag
    boot.o(i.bootloader_enter) refers to uart.o(i.u0_printf) for u0_printf
    boot.o(i.bootloader_enter) refers to systick.o(i.delay_1ms) for delay_1ms
    boot.o(i.bootloader_enter) refers to uart.o(.bss) for U0_RxBuff
    boot.o(i.bootloader_event) refers to boot.o(i.event_cmd_check) for event_cmd_check
    boot.o(i.bootloader_event) refers to boot.o(i.event_IAP_download_A) for event_IAP_download_A
    boot.o(i.bootloader_event) refers to boot.o(i.event_set_version) for event_set_version
    boot.o(i.bootloader_event) refers to boot.o(i.event_write_eflash) for event_write_eflash
[...]
    Removing gd32f10x_timer.o(i.timer_counter_value_config), (4 bytes).
    Removing gd32f10x_timer.o(i.timer_deinit), (220 bytes).
    Removing gd32f10x_timer.o(i.timer_disable), (10 bytes).
    Removing gd32f10x_timer.o(i.timer_dma_disable), (8 bytes).
    Removing gd32f10x_timer.o(i.timer_dma_enable), (8 bytes).
    Removing gd32f10x_timer.o(i.timer_dma_transfer_config), (24 bytes).
    Removing gd32f10x_timer.o(i.timer_enable), (10 bytes).
    Removing gd32f10x_timer.o(i.timer_event_software_generate), (8 bytes).
    Removing gd32f10x_timer.o(i.timer_external_clock_mode0_config), (40 bytes).
    Removing gd32f10x_timer.o(i.timer_external_clock_mode1_config), (32 bytes).
    Removing gd32f10x_timer.o(i.timer_external_clock_mode1_disable), (10 bytes).
    Removing gd32f10x_timer.o(i.timer_external_trigger_as_external_clock_config), (166 bytes).
    Removing gd32f10x_timer.o(i.timer_external_trigger_config), (30 bytes).
    Removing gd32f10x_timer.o(i.timer_flag_clear), (6 bytes).
    Removing gd32f10x_timer.o(i.timer_flag_get), (16 bytes).
    Removing gd32f10x_timer.o(i.timer_hall_mode_config), (26 bytes).
    Removing gd32f10x_timer.o(i.timer_init), (224 bytes).
    Removing gd32f10x_timer.o(i.timer_input_capture_config), (326 bytes).
    Removing gd32f10x_timer.o(i.timer_input_pwm_capture_config), (356 bytes).
    Removing gd32f10x_timer.o(i.timer_input_trigger_source_select), (16 bytes).
    Removing gd32f10x_timer.o(i.timer_internal_clock_config), (10 bytes).
    Removing gd32f10x_timer.o(i.timer_internal_trigger_as_external_clock_config), (32 bytes).
    Removing gd32f10x_timer.o(i.timer_interrupt_disable), (8 bytes).
    Removing gd32f10x_timer.o(i.timer_interrupt_enable), (8 bytes).
    Removing gd32f10x_timer.o(i.timer_interrupt_flag_clear), (6 bytes).
    Removing gd32f10x_timer.o(i.timer_interrupt_flag_get), (24 bytes).
    Removing gd32f10x_timer.o(i.timer_master_output_trigger_source_select), (16 bytes).
    Removing gd32f10x_timer.o(i.timer_master_slave_mode_config), (26 bytes).
    Removing gd32f10x_timer.o(i.timer_prescaler_config), (16 bytes).
    Removing gd32f10x_timer.o(i.timer_prescaler_read), (10 bytes).
    Removing gd32f10x_timer.o(i.timer_primary_output_config), (24 bytes).
    Removing gd32f10x_timer.o(i.timer_quadrature_decoder_mode_config), (64 bytes).
    Removing gd32f10x_timer.o(i.timer_repetition_value_config), (4 bytes).
    Removing gd32f10x_timer.o(i.timer_single_pulse_mode_config), (26 bytes).
    Removing gd32f10x_timer.o(i.timer_slave_mode_select), (16 bytes).
    Removing gd32f10x_timer.o(i.timer_struct_para_init), (22 bytes).
    Removing gd32f10x_timer.o(i.timer_update_event_disable), (10 bytes).
    Removing gd32f10x_timer.o(i.timer_update_event_enable), (10 bytes).
    Removing gd32f10x_timer.o(i.timer_update_source_config), (26 bytes).
    Removing gd32f10x_usart.o(.rev16_text), (4 bytes).
    Removing gd32f10x_usart.o(.revsh_text), (4 bytes).
    Removing gd32f10x_usart.o(i.usart_address_config), (20 bytes).
    Removing gd32f10x_usart.o(i.usart_disable), (10 bytes).
    Removing gd32f10x_usart.o(i.usart_dma_transmit_config), (20 bytes).
    Removing gd32f10x_usart.o(i.usart_flag_clear), (18 bytes).
    Removing gd32f10x_usart.o(i.usart_guard_time_config), (24 bytes).
    Removing gd32f10x_usart.o(i.usart_halfduplex_disable), (10 bytes).
    Removing gd32f10x_usart.o(i.usart_halfduplex_enable), (10 bytes).
    Removing gd32f10x_usart.o(i.usart_hardware_flow_cts_config), (20 bytes).
    Removing gd32f10x_usart.o(i.usart_hardware_flow_rts_config), (20 bytes).
    Removing gd32f10x_usart.o(i.usart_interrupt_disable), (26 bytes).
    Removing gd32f10x_usart.o(i.usart_interrupt_flag_clear), (18 bytes).
    Removing gd32f10x_usart.o(i.usart_irda_lowpower_config), (20 bytes).
    Removing gd32f10x_usart.o(i.usart_irda_mode_disable), (10 bytes).
    Removing gd32f10x_usart.o(i.usart_irda_mode_enable), (10 bytes).
    Removing gd32f10x_usart.o(i.usart_lin_break_detection_length_config), (20 bytes).
    Removing gd32f10x_usart.o(i.usart_lin_mode_disable), (10 bytes).
    Removing gd32f10x_usart.o(i.usart_lin_mode_enable), (10 bytes).
    Removing gd32f10x_usart.o(i.usart_mute_mode_disable), (10 bytes).
    Removing gd32f10x_usart.o(i.usart_mute_mode_enable), (10 bytes).
    Removing gd32f10x_usart.o(i.usart_mute_mode_wakeup_config), (16 bytes).
    Removing gd32f10x_usart.o(i.usart_prescaler_config), (16 bytes).
    Removing gd32f10x_usart.o(i.usart_send_break), (10 bytes).
    Removing gd32f10x_usart.o(i.usart_smartcard_mode_disable), (10 bytes).
    Removing gd32f10x_usart.o(i.usart_smartcard_mode_enable), (10 bytes).
    Removing gd32f10x_usart.o(i.usart_smartcard_mode_nack_disable), (10 bytes).
    Removing gd32f10x_usart.o(i.usart_smartcard_mode_nack_enable), (10 bytes).
    Removing gd32f10x_usart.o(i.usart_synchronous_clock_config), (34 bytes).
    Removing gd32f10x_usart.o(i.usart_synchronous_clock_disable), (10 bytes).
    Removing gd32f10x_usart.o(i.usart_synchronous_clock_enable), (10 bytes).
    Removing gd32f10x_wwdgt.o(.rev16_text), (4 bytes).
    Removing gd32f10x_wwdgt.o(.revsh_text), (4 bytes).
    Removing gd32f10x_wwdgt.o(i.wwdgt_config), (28 bytes).
    Removing gd32f10x_wwdgt.o(i.wwdgt_counter_update), (16 bytes).
    Removing gd32f10x_wwdgt.o(i.wwdgt_deinit), (20 bytes).
    Removing gd32f10x_wwdgt.o(i.wwdgt_enable), (20 bytes).
    Removing gd32f10x_wwdgt.o(i.wwdgt_flag_clear), (12 bytes).
    Removing gd32f10x_wwdgt.o(i.wwdgt_flag_get), (24 bytes).
    Removing gd32f10x_wwdgt.o(i.wwdgt_interrupt_enable), (20 bytes).
    Removing startup_gd32f10x_hd.o(HEAP), (512 bytes).
    Removing gd32f10x_eval.o(.rev16_text), (4 bytes).
    Removing gd32f10x_eval.o(.revsh_text), (4 bytes).
    Removing gd32f10x_eval.o(i.gd_eval_com_init), (192 bytes).
    Removing gd32f10x_eval.o(i.gd_eval_key_init), (128 bytes).
    Removing gd32f10x_eval.o(i.gd_eval_key_state_get), (32 bytes).
    Removing gd32f10x_eval.o(i.gd_eval_led_init), (64 bytes).
    Removing gd32f10x_eval.o(i.gd_eval_led_off), (24 bytes).
    Removing gd32f10x_eval.o(i.gd_eval_led_on), (24 bytes).
    Removing gd32f10x_eval.o(i.gd_eval_led_toggle), (56 bytes).
    Removing gd32f10x_eval.o(.data), (125 bytes).
    Removing dfltui.o(.text), (26 bytes).
    Removing dfixui.o(.text), (50 bytes).

576 unused section(s) (total 23179 bytes) removed from the image.

==============================================================================

Image Symbol Table

    Local Symbols

    Symbol Name                              Value     Ov Type        Size  Object(Section)

    ../clib/microlib/ctype/ctype.c           0x00000000   Number         0  ctype_c.o ABSOLUTE
    ../clib/microlib/ctype/ctype.c           0x00000000   Number         0  isspace_c.o ABSOLUTE
    ../clib/microlib/division.c              0x00000000   Number         0  uldiv.o ABSOLUTE
    ../clib/microlib/division.c              0x00000000   Number         0  uidiv.o ABSOLUTE
    ../clib/microlib/init/entry.s            0x00000000   Number         0  entry.o ABSOLUTE
    ../clib/microlib/init/entry.s            0x00000000   Number         0  entry8a.o ABSOLUTE
    ../clib/microlib/init/entry.s            0x00000000   Number         0  entry8b.o ABSOLUTE
    ../clib/microlib/init/entry.s            0x00000000   Number         0  entry12a.o ABSOLUTE
    ../clib/microlib/init/entry.s            0x00000000   Number         0  entry11a.o ABSOLUTE
    ../clib/microlib/init/entry.s            0x00000000   Number         0  entry9a.o ABSOLUTE
    ../clib/microlib/init/entry.s            0x00000000   Number         0  entry9b.o ABSOLUTE
    ../clib/microlib/init/entry.s            0x00000000   Number         0  entry10a.o ABSOLUTE
    ../clib/microlib/init/entry.s            0x00000000   Number         0  entry10b.o ABSOLUTE
    ../clib/microlib/init/entry.s            0x00000000   Number         0  entry11b.o ABSOLUTE
    ../clib/microlib/init/entry.s            0x00000000   Number         0  entry12b.o ABSOLUTE
    ../clib/microlib/init/entry.s            0x00000000   Number         0  entry7b.o ABSOLUTE
    ../clib/microlib/init/entry.s            0x00000000   Number         0  entry7a.o ABSOLUTE
    ../clib/microlib/init/entry.s            0x00000000   Number         0  entry5.o ABSOLUTE
    ../clib/microlib/init/entry.s            0x00000000   Number         0  entry2.o ABSOLUTE
    ../clib/microlib/longlong.c              0x00000000   Number         0  llushr.o ABSOLUTE
    ../clib/microlib/longlong.c              0x00000000   Number         0  llsshr.o ABSOLUTE
    ../clib/microlib/longlong.c              0x00000000   Number         0  llshl.o ABSOLUTE
    ../clib/microlib/printf/printf.c         0x00000000   Number         0  printfa.o ABSOLUTE
    ../clib/microlib/stdio/fputc.c           0x00000000   Number         0  fputc.o ABSOLUTE
    ../clib/microlib/stdio/semi.s            0x00000000   Number         0  semi.o ABSOLUTE
    ../clib/microlib/stdio/streams.c         0x00000000   Number         0  stdout.o ABSOLUTE
    ../clib/microlib/string/memcpy.c         0x00000000   Number         0  memcpya.o ABSOLUTE
    ../clib/microlib/string/memcpy.c         0x00000000   Number         0  memcpyb.o ABSOLUTE
    ../clib/microlib/string/memset.c         0x00000000   Number         0  memseta.o ABSOLUTE
    ../clib/microlib/string/strlen.c         0x00000000   Number         0  strlen.o ABSOLUTE
    ../clib/microlib/stubs.s                 0x00000000   Number         0  iusefp.o ABSOLUTE
    ../clib/microlib/stubs.s                 0x00000000   Number         0  iusesemip.o ABSOLUTE
    ../clib/scanf.c                          0x00000000   Number         0  _scanf.o ABSOLUTE
    ../clib/scanf.c                          0x00000000   Number         0  _sgetc.o ABSOLUTE
    ../clib/scanf.c                          0x00000000   Number         0  scanf_char.o ABSOLUTE
    ../clib/scanf.c                          0x00000000   Number         0  _chval.o ABSOLUTE
    ../clib/scanf.c                          0x00000000   Number         0  _scanf_int.o ABSOLUTE
    ../clib/scanf.c                          0x00000000   Number         0  __0sscanf.o ABSOLUTE
    ../fplib/microlib/fpadd.c                0x00000000   Number         0  dadd.o ABSOLUTE
    ../fplib/microlib/fpdiv.c                0x00000000   Number         0  ddiv.o ABSOLUTE
    ../fplib/microlib/fpepilogue.c           0x00000000   Number         0  depilogue.o ABSOLUTE
    ../fplib/microlib/fpfix.c                0x00000000   Number         0  dfixul.o ABSOLUTE
    ../fplib/microlib/fpfix.c                0x00000000   Number         0  dfixui.o ABSOLUTE
    ../fplib/microlib/fpflt.c                0x00000000   Number         0  dfltui.o ABSOLUTE
    ../fplib/microlib/fpmul.c                0x00000000   Number         0  dmul.o ABSOLUTE
    ..\..\Firmware\CMSIS\GD\GD32F10x\Source\ARM\startup_gd32f10x_hd.s 0x00000000   Number         0  startup_gd32f10x_hd.o ABSOLUTE
    ..\..\Firmware\CMSIS\GD\GD32F10x\Source\system_gd32f10x.c 0x00000000   Number         0  system_gd32f10x.o ABSOLUTE
    ..\..\Firmware\GD32F10x_standard_peripheral\Source\gd32f10x_adc.c 0x00000000   Number         0  gd32f10x_adc.o ABSOLUTE
    ..\..\Firmware\GD32F10x_standard_peripheral\Source\gd32f10x_bkp.c 0x00000000   Number         0  gd32f10x_bkp.o ABSOLUTE
    ..\..\Firmware\GD32F10x_standard_peripheral\Source\gd32f10x_can.c 0x00000000   Number         0  gd32f10x_can.o ABSOLUTE
    ..\..\Firmware\GD32F10x_standard_peripheral\Source\gd32f10x_crc.c 0x00000000   Number         0  gd32f10x_crc.o ABSOLUTE
    ..\..\Firmware\GD32F10x_standard_peripheral\Source\gd32f10x_dac.c 0x00000000   Number         0  gd32f10x_dac.o ABSOLUTE
    ..\..\Firmware\GD32F10x_standard_peripheral\Source\gd32f10x_dbg.c 0x00000000   Number         0  gd32f10x_dbg.o ABSOLUTE
    ..\..\Firmware\GD32F10x_standard_peripheral\Source\gd32f10x_dma.c 0x00000000   Number         0  gd32f10x_dma.o ABSOLUTE
    ..\..\Firmware\GD32F10x_standard_peripheral\Source\gd32f10x_enet.c 0x00000000   Number         0  gd32f10x_enet.o ABSOLUTE
    ..\..\Firmware\GD32F10x_standard_peripheral\Source\gd32f10x_exmc.c 0x00000000   Number         0  gd32f10x_exmc.o ABSOLUTE
    ..\..\Firmware\GD32F10x_standard_peripheral\Source\gd32f10x_exti.c 0x00000000   Number         0  gd32f10x_exti.o ABSOLUTE
    ..\..\Firmware\GD32F10x_standard_peripheral\Source\gd32f10x_fmc.c 0x00000000   Number         0  gd32f10x_fmc.o ABSOLUTE
    ..\..\Firmware\GD32F10x_standard_peripheral\Source\gd32f10x_fwdgt.c 0x00000000   Number         0  gd32f10x_fwdgt.o ABSOLUTE
    ..\..\Firmware\GD32F10x_standard_peripheral\Source\gd32f10x_gpio.c 0x00000000   Number         0  gd32f10x_gpio.o ABSOLUTE
    ..\..\Firmware\GD32F10x_standard_peripheral\Source\gd32f10x_i2c.c 0x00000000   Number         0  gd32f10x_i2c.o ABSOLUTE
    ..\..\Firmware\GD32F10x_standard_peripheral\Source\gd32f10x_misc.c 0x00000000   Number         0  gd32f10x_misc.o ABSOLUTE
    ..\..\Firmware\GD32F10x_standard_peripheral\Source\gd32f10x_pmu.c 0x00000000   Number         0  gd32f10x_pmu.o ABSOLUTE
    ..\..\Firmware\GD32F10x_standard_peripheral\Source\gd32f10x_rcu.c 0x00000000   Number         0  gd32f10x_rcu.o ABSOLUTE
    ..\..\Firmware\GD32F10x_standard_peripheral\Source\gd32f10x_rtc.c 0x00000000   Number         0  gd32f10x_rtc.o ABSOLUTE
    ..\..\Firmware\GD32F10x_standard_peripheral\Source\gd32f10x_sdio.c 0x00000000   Number         0  gd32f10x_sdio.o ABSOLUTE
    ..\..\Firmware\GD32F10x_standard_peripheral\Source\gd32f10x_spi.c 0x00000000   Number         0  gd32f10x_spi.o ABSOLUTE
    ..\..\Firmware\GD32F10x_standard_peripheral\Source\gd32f10x_timer.c 0x00000000   Number         0  gd32f10x_timer.o ABSOLUTE
    ..\..\Firmware\GD32F10x_standard_peripheral\Source\gd32f10x_usart.c 0x00000000   Number         0  gd32f10x_usart.o ABSOLUTE
    ..\..\Firmware\GD32F10x_standard_peripheral\Source\gd32f10x_wwdgt.c 0x00000000   Number         0  gd32f10x_wwdgt.o ABSOLUTE
    ..\..\Utilities\gd32f10x_eval.c          0x00000000   Number         0  gd32f10x_eval.o ABSOLUTE
    ..\BSP\at24cxx.c                         0x00000000   Number         0  at24cxx.o ABSOLUTE
    ..\BSP\b40.c                             0x00000000   Number         0  b40.o ABSOLUTE
    ..\BSP\bc28.c                            0x00000000   Number         0  bc28.o ABSOLUTE
    ..\BSP\boot.c                            0x00000000   Number         0  boot.o ABSOLUTE
    ..\BSP\fmc.c                             0x00000000   Number         0  fmc.o ABSOLUTE
    ..\BSP\i2c.c                             0x00000000   Number         0  i2c.o ABSOLUTE
    ..\BSP\spi.c                             0x00000000   Number         0  spi.o ABSOLUTE
    ..\BSP\uart.c                            0x00000000   Number         0  uart.o ABSOLUTE
    ..\BSP\w25q64.c                          0x00000000   Number         0  w25q64.o ABSOLUTE
    ..\\..\\Firmware\\CMSIS\\GD\\GD32F10x\\Source\\system_gd32f10x.c 0x00000000   Number         0  system_gd32f10x.o ABSOLUTE
    ..\\..\\Firmware\\GD32F10x_standard_peripheral\\Source\\gd32f10x_adc.c 0x00000000   Number         0  gd32f10x_adc.o ABSOLUTE
    ..\\..\\Firmware\\GD32F10x_standard_peripheral\\Source\\gd32f10x_bkp.c 0x00000000   Number         0  gd32f10x_bkp.o ABSOLUTE
    ..\\..\\Firmware\\GD32F10x_standard_peripheral\\Source\\gd32f10x_can.c 0x00000000   Number         0  gd32f10x_can.o ABSOLUTE
    ..\\..\\Firmware\\GD32F10x_standard_peripheral\\Source\\gd32f10x_crc.c 0x00000000   Number         0  gd32f10x_crc.o ABSOLUTE
    ..\\..\\Firmware\\GD32F10x_standard_peripheral\\Source\\gd32f10x_dac.c 0x00000000   Number         0  gd32f10x_dac.o ABSOLUTE
    ..\\..\\Firmware\\GD32F10x_standard_peripheral\\Source\\gd32f10x_dbg.c 0x00000000   Number         0  gd32f10x_dbg.o ABSOLUTE
    ..\\..\\Firmware\\GD32F10x_standard_peripheral\\Source\\gd32f10x_dma.c 0x00000000   Number         0  gd32f10x_dma.o ABSOLUTE
    ..\\..\\Firmware\\GD32F10x_standard_peripheral\\Source\\gd32f10x_enet.c 0x00000000   Number         0  gd32f10x_enet.o ABSOLUTE
    ..\\..\\Firmware\\GD32F10x_standard_peripheral\\Source\\gd32f10x_exmc.c 0x00000000   Number         0  gd32f10x_exmc.o ABSOLUTE
    ..\\..\\Firmware\\GD32F10x_standard_peripheral\\Source\\gd32f10x_exti.c 0x00000000   Number         0  gd32f10x_exti.o ABSOLUTE
    ..\\..\\Firmware\\GD32F10x_standard_peripheral\\Source\\gd32f10x_fmc.c 0x00000000   Number         0  gd32f10x_fmc.o ABSOLUTE
    ..\\..\\Firmware\\GD32F10x_standard_peripheral\\Source\\gd32f10x_fwdgt.c 0x00000000   Number         0  gd32f10x_fwdgt.o ABSOLUTE
    ..\\..\\Firmware\\GD32F10x_standard_peripheral\\Source\\gd32f10x_gpio.c 0x00000000   Number         0  gd32f10x_gpio.o ABSOLUTE
    ..\\..\\Firmware\\GD32F10x_standard_peripheral\\Source\\gd32f10x_i2c.c 0x00000000   Number         0  gd32f10x_i2c.o ABSOLUTE
    ..\\..\\Firmware\\GD32F10x_standard_peripheral\\Source\\gd32f10x_misc.c 0x00000000   Number         0  gd32f10x_misc.o ABSOLUTE
    ..\\..\\Firmware\\GD32F10x_standard_peripheral\\Source\\gd32f10x_pmu.c 0x00000000   Number         0  gd32f10x_pmu.o ABSOLUTE
    ..\\..\\Firmware\\GD32F10x_standard_peripheral\\Source\\gd32f10x_rcu.c 0x00000000   Number         0  gd32f10x_rcu.o ABSOLUTE
    ..\\..\\Firmware\\GD32F10x_standard_peripheral\\Source\\gd32f10x_rtc.c 0x00000000   Number         0  gd32f10x_rtc.o ABSOLUTE
    ..\\..\\Firmware\\GD32F10x_standard_peripheral\\Source\\gd32f10x_sdio.c 0x00000000   Number         0  gd32f10x_sdio.o ABSOLUTE
    ..\\..\\Firmware\\GD32F10x_standard_peripheral\\Source\\gd32f10x_spi.c 0x00000000   Number         0  gd32f10x_spi.o ABSOLUTE
    ..\\..\\Firmware\\GD32F10x_standard_peripheral\\Source\\gd32f10x_timer.c 0x00000000   Number         0  gd32f10x_timer.o ABSOLUTE
    ..\\..\\Firmware\\GD32F10x_standard_peripheral\\Source\\gd32f10x_usart.c 0x00000000   Number         0  gd32f10x_usart.o ABSOLUTE
    ..\\..\\Firmware\\GD32F10x_standard_peripheral\\Source\\gd32f10x_wwdgt.c 0x00000000   Number         0  gd32f10x_wwdgt.o ABSOLUTE
    ..\\..\\Utilities\\gd32f10x_eval.c       0x00000000   Number         0  gd32f10x_eval.o ABSOLUTE
    ..\\BSP\\at24cxx.c                       0x00000000   Number         0  at24cxx.o ABSOLUTE
    ..\\BSP\\b40.c                           0x00000000   Number         0  b40.o ABSOLUTE
    ..\\BSP\\bc28.c                          0x00000000   Number         0  bc28.o ABSOLUTE
    ..\\BSP\\boot.c                          0x00000000   Number         0  boot.o ABSOLUTE
    ..\\BSP\\fmc.c                           0x00000000   Number         0  fmc.o ABSOLUTE
    ..\\BSP\\i2c.c                           0x00000000   Number         0  i2c.o ABSOLUTE
    ..\\BSP\\spi.c                           0x00000000   Number         0  spi.o ABSOLUTE
    ..\\BSP\\uart.c                          0x00000000   Number         0  uart.o ABSOLUTE
    ..\\BSP\\w25q64.c                        0x00000000   Number         0  w25q64.o ABSOLUTE
    ..\\gd32f10x_it.c                        0x00000000   Number         0  gd32f10x_it.o ABSOLUTE
    ..\\main.c                               0x00000000   Number         0  main.o ABSOLUTE
    ..\\systick.c                            0x00000000   Number         0  systick.o ABSOLUTE
    ..\gd32f10x_it.c                         0x00000000   Number         0  gd32f10x_it.o ABSOLUTE
    ..\main.c                                0x00000000   Number         0  main.o ABSOLUTE
    ..\systick.c                             0x00000000   Number         0  systick.o ABSOLUTE
    cdrcmple.s                               0x00000000   Number         0  cdrcmple.o ABSOLUTE
    dc.s                                     0x00000000   Number         0  dc.o ABSOLUTE
    handlers.s                               0x00000000   Number         0  handlers.o ABSOLUTE
    init.s                                   0x00000000   Number         0  init.o ABSOLUTE
    RESET                                    0x08000000   Section      304  startup_gd32f10x_hd.o(RESET)
    .ARM.Collect$$$$00000000                 0x08000130   Section        0  entry.o(.ARM.Collect$$$$00000000)
    .ARM.Collect$$$$00000001                 0x08000130   Section        4  entry2.o(.ARM.Collect$$$$00000001)
    .ARM.Collect$$$$00000004                 0x08000134   Section        4  entry5.o(.ARM.Collect$$$$00000004)
    .ARM.Collect$$$$00000008                 0x08000138   Section        0  entry7b.o(.ARM.Collect$$$$00000008)
    .ARM.Collect$$$$0000000A                 0x08000138   Section        0  entry8b.o(.ARM.Collect$$$$0000000A)
    .ARM.Collect$$$$0000000B                 0x08000138   Section        8  entry9a.o(.ARM.Collect$$$$0000000B)
    .ARM.Collect$$$$0000000E                 0x08000140   Section        4  entry12b.o(.ARM.Collect$$$$0000000E)
    .ARM.Collect$$$$0000000F                 0x08000144   Section        0  entry10a.o(.ARM.Collect$$$$0000000F)
    .ARM.Collect$$$$00000011                 0x08000144   Section        0  entry11a.o(.ARM.Collect$$$$00000011)
    .ARM.Collect$$$$00002712                 0x08000144   Section        4  entry2.o(.ARM.Collect$$$$00002712)
    __lit__00000000                          0x08000144   Data           4  entry2.o(.ARM.Collect$$$$00002712)
    .emb_text                                0x08000148   Section        6  boot.o(.emb_text)
    .text                                    0x08000150   Section       36  startup_gd32f10x_hd.o(.text)
    .text                                    0x08000174   Section        0  memcpya.o(.text)
    .text                                    0x08000198   Section        0  memseta.o(.text)
    .text                                    0x080001bc   Section        0  strlen.o(.text)
    .text                                    0x080001cc   Section        0  __0sscanf.o(.text)
    .text                                    0x08000204   Section        0  _scanf_int.o(.text)
    .text                                    0x08000350   Section        0  dmul.o(.text)
    .text                                    0x08000434   Section        0  uidiv.o(.text)
    .text                                    0x08000460   Section        0  uldiv.o(.text)
    .text                                    0x080004c2   Section        0  llushr.o(.text)
    .text                                    0x080004e2   Section        0  _chval.o(.text)
    .text                                    0x08000500   Section        0  scanf_char.o(.text)
    _scanf_char_input                        0x08000501   Thumb Code    12  scanf_char.o(.text)
    .text                                    0x08000528   Section        0  _sgetc.o(.text)
    .text                                    0x08000568   Section        0  iusefp.o(.text)
    .text                                    0x08000568   Section        0  depilogue.o(.text)
    .text                                    0x08000622   Section        0  dadd.o(.text)
    .text                                    0x08000770   Section        0  ddiv.o(.text)
    .text                                    0x0800084e   Section        0  dfixul.o(.text)
    .text                                    0x08000880   Section       48  cdrcmple.o(.text)
    .text                                    0x080008b0   Section       36  init.o(.text)
    .text                                    0x080008d4   Section        0  llshl.o(.text)
    .text                                    0x080008f2   Section        0  llsshr.o(.text)
    .text                                    0x08000916   Section        0  isspace_c.o(.text)
    .text                                    0x08000920   Section        0  _scanf.o(.text)
    .text                                    0x08000c50   Section        0  ctype_c.o(.text)
    i.BusFault_Handler                       0x08000c78   Section        0  gd32f10x_it.o(i.BusFault_Handler)
    i.DebugMon_Handler                       0x08000c7c   Section        0  gd32f10x_it.o(i.DebugMon_Handler)
    i.HardFault_Handler                      0x08000c7e   Section        0  gd32f10x_it.o(i.HardFault_Handler)
    i.MemManage_Handler                      0x08000c82   Section        0  gd32f10x_it.o(i.MemManage_Handler)
    i.NMI_Handler                            0x08000c86   Section        0  gd32f10x_it.o(i.NMI_Handler)
    i.NVIC_SetPriority                       0x08000c88   Section        0  systick.o(i.NVIC_SetPriority)
    NVIC_SetPriority                         0x08000c89   Thumb Code    32  systick.o(i.NVIC_SetPriority)
    i.NVIC_SystemReset                       0x08000cb0   Section        0  boot.o(i.NVIC_SystemReset)
    NVIC_SystemReset                         0x08000cb1   Thumb Code    30  boot.o(i.NVIC_SystemReset)
    i.PendSV_Handler                         0x08000cd8   Section        0  gd32f10x_it.o(i.PendSV_Handler)
    i.SVC_Handler                            0x08000cda   Section        0  gd32f10x_it.o(i.SVC_Handler)
    i.SysTick_Handler                        0x08000cdc   Section        0  gd32f10x_it.o(i.SysTick_Handler)
    i.SystemInit                             0x08000cf8   Section        0  system_gd32f10x.o(i.SystemInit)
    i.USART0_IRQHandler                      0x08000dcc   Section        0  gd32f10x_it.o(i.USART0_IRQHandler)
    i.USART2_IRQHandler                      0x08000e98   Section        0  gd32f10x_it.o(i.USART2_IRQHandler)
    i.UsageFault_Handler                     0x08000f64   Section        0  gd32f10x_it.o(i.UsageFault_Handler)
    i.__0vsprintf                            0x08000f68   Section        0  printfa.o(i.__0vsprintf)
    i.__scatterload_copy                     0x08000f8c   Section       14  handlers.o(i.__scatterload_copy)
    i.__scatterload_null                     0x08000f9a   Section        2  handlers.o(i.__scatterload_null)
    i.__scatterload_zeroinit                 0x08000f9c   Section       14  handlers.o(i.__scatterload_zeroinit)
    i._fp_digits                             0x08000fac   Section        0  printfa.o(i._fp_digits)
    _fp_digits                               0x08000fad   Thumb Code   366  printfa.o(i._fp_digits)
    i._printf_core                           0x08001130   Section        0  printfa.o(i._printf_core)
    _printf_core                             0x08001131   Thumb Code  1704  printfa.o(i._printf_core)
    i._printf_post_padding                   0x080017e4   Section        0  printfa.o(i._printf_post_padding)
    _printf_post_padding                     0x080017e5   Thumb Code    36  printfa.o(i._printf_post_padding)
    i._printf_pre_padding                    0x08001808   Section        0  printfa.o(i._printf_pre_padding)
    _printf_pre_padding                      0x08001809   Thumb Code    46  printfa.o(i._printf_pre_padding)
    i._sputc                                 0x08001836   Section        0  printfa.o(i._sputc)
    _sputc                                   0x08001837   Thumb Code    10  printfa.o(i._sputc)
    i.at24cxx_read_OTA_info                  0x08001840   Section        0  boot.o(i.at24cxx_read_OTA_info)
    i.at24cxx_write_OTA_info                 0x0800185c   Section        0  boot.o(i.at24cxx_write_OTA_info)
    i.bootloader_branch                      0x08001888   Section        0  boot.o(i.bootloader_branch)
    i.bootloader_enter                       0x08001928   Section        0  boot.o(i.bootloader_enter)
    i.bootloader_event                       0x0800199c   Section        0  boot.o(i.bootloader_event)
    i.bootloader_info                        0x08001a30   Section        0  boot.o(i.bootloader_info)
    i.bootloader_peripheral_clear            0x08001b34   Section        0  boot.o(i.bootloader_peripheral_clear)
    i.delay_1ms                              0x08001b74   Section        0  systick.o(i.delay_1ms)
    i.delay_decrement                        0x08001b88   Section        0  systick.o(i.delay_decrement)
    i.dma0_init                              0x08001ba0   Section        0  uart.o(i.dma0_init)
    dma0_init                                0x08001ba1   Thumb Code   176  uart.o(i.dma0_init)
    i.dma_channel_disable                    0x08001c64   Section        0  gd32f10x_dma.o(i.dma_channel_disable)
    i.dma_channel_enable                     0x08001c96   Section        0  gd32f10x_dma.o(i.dma_channel_enable)
    i.dma_circulation_disable                0x08001cc8   Section        0  gd32f10x_dma.o(i.dma_circulation_disable)
    i.dma_deinit                             0x08001cfa   Section        0  gd32f10x_dma.o(i.dma_deinit)
    i.dma_init                               0x08001d6a   Section        0  gd32f10x_dma.o(i.dma_init)
    i.dma_memory_address_config              0x08001e98   Section        0  gd32f10x_dma.o(i.dma_memory_address_config)
    i.dma_periph_and_channel_check           0x08001ebc   Section        0  gd32f10x_dma.o(i.dma_periph_and_channel_check)
    dma_periph_and_channel_check             0x08001ebd   Thumb Code    18  gd32f10x_dma.o(i.dma_periph_and_channel_check)
    i.dma_transfer_number_config             0x08001ed4   Section        0  gd32f10x_dma.o(i.dma_transfer_number_config)
    i.dma_transfer_number_get                0x08001efa   Section        0  gd32f10x_dma.o(i.dma_transfer_number_get)
    i.eeprom_buffer_read_timeout             0x08001f1c   Section        0  at24cxx.o(i.eeprom_buffer_read_timeout)
    i.eeprom_page_write_timeout              0x0800232c   Section        0  at24cxx.o(i.eeprom_page_write_timeout)
    i.erase_A                                0x0800267c   Section        0  boot.o(i.erase_A)
    i.event_IAP_download_A                   0x080026b8   Section        0  boot.o(i.event_IAP_download_A)
    i.event_IAP_download_eflash              0x080027bc   Section        0  boot.o(i.event_IAP_download_eflash)
    i.event_cmd_check                        0x08002928   Section        0  boot.o(i.event_cmd_check)
    i.event_dbg_eflash_select                0x08002b14   Section        0  boot.o(i.event_dbg_eflash_select)
    i.event_read_eflash                      0x08002cb8   Section        0  boot.o(i.event_read_eflash)
    i.event_set_version                      0x08002da4   Section        0  boot.o(i.event_set_version)
    i.event_write_eflash                     0x08002e84   Section        0  boot.o(i.event_write_eflash)
    i.event_write_eflash_to_A                0x08002fa0   Section        0  boot.o(i.event_write_eflash_to_A)
    i.fmc_bank0_ready_wait                   0x08003118   Section        0  gd32f10x_fmc.o(i.fmc_bank0_ready_wait)
    i.fmc_bank0_state_get                    0x0800313c   Section        0  gd32f10x_fmc.o(i.fmc_bank0_state_get)
    i.fmc_bank1_ready_wait                   0x0800316c   Section        0  gd32f10x_fmc.o(i.fmc_bank1_ready_wait)
    i.fmc_bank1_state_get                    0x08003190   Section        0  gd32f10x_fmc.o(i.fmc_bank1_state_get)
    i.fmc_lock                               0x080031c0   Section        0  gd32f10x_fmc.o(i.fmc_lock)
    i.fmc_page_erase                         0x080031ec   Section        0  gd32f10x_fmc.o(i.fmc_page_erase)
    i.fmc_unlock                             0x080032d8   Section        0  gd32f10x_fmc.o(i.fmc_unlock)
    i.fmc_word_program                       0x0800331c   Section        0  gd32f10x_fmc.o(i.fmc_word_program)
    i.gd32_erase_flash                       0x080033dc   Section        0  fmc.o(i.gd32_erase_flash)
    i.gd32_write_flash                       0x0800340c   Section        0  fmc.o(i.gd32_write_flash)
    i.gpio_bit_reset                         0x08003432   Section        0  gd32f10x_gpio.o(i.gpio_bit_reset)
    i.gpio_bit_set                           0x08003436   Section        0  gd32f10x_gpio.o(i.gpio_bit_set)
    i.gpio_config                            0x0800343c   Section        0  i2c.o(i.gpio_config)
    i.gpio_deinit                            0x08003464   Section        0  gd32f10x_gpio.o(i.gpio_deinit)
    i.gpio_init                              0x08003528   Section        0  gd32f10x_gpio.o(i.gpio_init)
    i.i2c_ack_config                         0x080035d4   Section        0  gd32f10x_i2c.o(i.i2c_ack_config)
    i.i2c_ackpos_config                      0x080035e4   Section        0  gd32f10x_i2c.o(i.i2c_ackpos_config)
    i.i2c_bus_reset                          0x080035f4   Section        0  i2c.o(i.i2c_bus_reset)
    i.i2c_clock_config                       0x0800368c   Section        0  gd32f10x_i2c.o(i.i2c_clock_config)
    i.i2c_config                             0x08003770   Section        0  i2c.o(i.i2c_config)
    i.i2c_data_receive                       0x080037ac   Section        0  gd32f10x_i2c.o(i.i2c_data_receive)
    i.i2c_data_transmit                      0x080037b4   Section        0  gd32f10x_i2c.o(i.i2c_data_transmit)
    i.i2c_deinit                             0x080037bc   Section        0  gd32f10x_i2c.o(i.i2c_deinit)
    i.i2c_eeprom_init                        0x080037fc   Section        0  at24cxx.o(i.i2c_eeprom_init)
    i.i2c_enable                             0x08003810   Section        0  gd32f10x_i2c.o(i.i2c_enable)
    i.i2c_flag_clear                         0x0800381a   Section        0  gd32f10x_i2c.o(i.i2c_flag_clear)
    i.i2c_flag_get                           0x08003842   Section        0  gd32f10x_i2c.o(i.i2c_flag_get)
    i.i2c_master_addressing                  0x08003860   Section        0  gd32f10x_i2c.o(i.i2c_master_addressing)
    i.i2c_mode_addr_config                   0x08003874   Section        0  gd32f10x_i2c.o(i.i2c_mode_addr_config)
    i.i2c_start_on_bus                       0x08003890   Section        0  gd32f10x_i2c.o(i.i2c_start_on_bus)
    i.i2c_stop_on_bus                        0x0800389a   Section        0  gd32f10x_i2c.o(i.i2c_stop_on_bus)
    i.i2cx_init                              0x080038a4   Section        0  i2c.o(i.i2cx_init)
    i.load_A                                 0x080038b0   Section        0  boot.o(i.load_A)
    i.main                                   0x08003910   Section        0  main.o(i.main)
    i.nvic_irq_enable                        0x0800393c   Section        0  gd32f10x_misc.o(i.nvic_irq_enable)
    i.nvic_priority_group_set                0x080039e8   Section        0  gd32f10x_misc.o(i.nvic_priority_group_set)
    i.nvic_vector_table_set                  0x080039fc   Section        0  gd32f10x_misc.o(i.nvic_vector_table_set)
    i.rcu_clock_freq_get                     0x08003a14   Section        0  gd32f10x_rcu.o(i.rcu_clock_freq_get)
    i.rcu_periph_clock_enable                0x08003b38   Section        0  gd32f10x_rcu.o(i.rcu_periph_clock_enable)
    i.rcu_periph_reset_disable               0x08003b58   Section        0  gd32f10x_rcu.o(i.rcu_periph_reset_disable)
    i.rcu_periph_reset_enable                0x08003b78   Section        0  gd32f10x_rcu.o(i.rcu_periph_reset_enable)
    i.spi0_init                              0x08003b98   Section        0  spi.o(i.spi0_init)
    i.spi0_read                              0x08003c00   Section        0  spi.o(i.spi0_read)
    i.spi0_rw_byte                           0x08003c1c   Section        0  spi.o(i.spi0_rw_byte)
    i.spi0_write                             0x08003c54   Section        0  spi.o(i.spi0_write)
    i.spi_enable                             0x08003c6e   Section        0  gd32f10x_spi.o(i.spi_enable)
    i.spi_i2s_data_receive                   0x08003c78   Section        0  gd32f10x_spi.o(i.spi_i2s_data_receive)
    i.spi_i2s_data_transmit                  0x08003c80   Section        0  gd32f10x_spi.o(i.spi_i2s_data_transmit)
    i.spi_i2s_deinit                         0x08003c84   Section        0  gd32f10x_spi.o(i.spi_i2s_deinit)
    i.spi_i2s_flag_get                       0x08003cdc   Section        0  gd32f10x_spi.o(i.spi_i2s_flag_get)
    i.spi_init                               0x08003cec   Section        0  gd32f10x_spi.o(i.spi_init)
    i.system_clock_108m_hxtal                0x08003d20   Section        0  system_gd32f10x.o(i.system_clock_108m_hxtal)
    system_clock_108m_hxtal                  0x08003d21   Thumb Code   182  system_gd32f10x.o(i.system_clock_108m_hxtal)
    i.system_clock_config                    0x08003de4   Section        0  system_gd32f10x.o(i.system_clock_config)
    system_clock_config                      0x08003de5   Thumb Code     8  system_gd32f10x.o(i.system_clock_config)
    i.systick_config                         0x08003dec   Section        0  systick.o(i.systick_config)
    i.u0_input_detection                     0x08003e3c   Section        0  boot.o(i.u0_input_detection)
    i.u0_printf                              0x08003e88   Section        0  uart.o(i.u0_printf)
    i.u0_printf_C                            0x08003ee4   Section        0  boot.o(i.u0_printf_C)
    i.u0rx_ptr_init                          0x08003f18   Section        0  uart.o(i.u0rx_ptr_init)
    u0rx_ptr_init                            0x08003f19   Thumb Code    28  uart.o(i.u0rx_ptr_init)
    i.uart0_init                             0x08003f3c   Section        0  uart.o(i.uart0_init)
    i.usart_baudrate_set                     0x08003fe0   Section        0  gd32f10x_usart.o(i.usart_baudrate_set)
    i.usart_data_receive                     0x08004070   Section        0  gd32f10x_usart.o(i.usart_data_receive)
    i.usart_data_transmit                    0x0800407a   Section        0  gd32f10x_usart.o(i.usart_data_transmit)
    i.usart_deinit                           0x08004084   Section        0  gd32f10x_usart.o(i.usart_deinit)
    i.usart_dma_receive_config               0x08004114   Section        0  gd32f10x_usart.o(i.usart_dma_receive_config)
    i.usart_enable                           0x08004128   Section        0  gd32f10x_usart.o(i.usart_enable)
    i.usart_flag_get                         0x08004132   Section        0  gd32f10x_usart.o(i.usart_flag_get)
    i.usart_interrupt_enable                 0x08004150   Section        0  gd32f10x_usart.o(i.usart_interrupt_enable)
    i.usart_interrupt_flag_get               0x0800416a   Section        0  gd32f10x_usart.o(i.usart_interrupt_flag_get)
    i.usart_parity_config                    0x080041a2   Section        0  gd32f10x_usart.o(i.usart_parity_config)
    i.usart_receive_config                   0x080041b2   Section        0  gd32f10x_usart.o(i.usart_receive_config)
    i.usart_stop_bit_set                     0x080041c2   Section        0  gd32f10x_usart.o(i.usart_stop_bit_set)
    i.usart_transmit_config                  0x080041d2   Section        0  gd32f10x_usart.o(i.usart_transmit_config)
    i.usart_word_length_set                  0x080041e2   Section        0  gd32f10x_usart.o(i.usart_word_length_set)
    i.w25q64_enable                          0x080041f4   Section        0  w25q64.o(i.w25q64_enable)
    i.w25q64_erase64k                        0x08004218   Section        0  w25q64.o(i.w25q64_erase64k)
    i.w25q64_init                            0x08004264   Section        0  w25q64.o(i.w25q64_init)
    i.w25q64_page_write                      0x0800428c   Section        0  w25q64.o(i.w25q64_page_write)
    i.w25q64_read                            0x080042e0   Section        0  w25q64.o(i.w25q64_read)
    i.w25q64_waitbusy                        0x0800432c   Section        0  w25q64.o(i.w25q64_waitbusy)
    i.xmodem_CRC16                           0x0800435c   Section        0  boot.o(i.xmodem_CRC16)
    .constdata                               0x0800439e   Section       64  ctype_c.o(.constdata)
    .conststring                             0x080043e0   Section       78  boot.o(.conststring)
    .data                                    0x20000000   Section        4  systick.o(.data)
    delay                                    0x20000000   Data           4  systick.o(.data)
    .data                                    0x20000004   Section        4  main.o(.data)
    .data                                    0x20000008   Section        4  boot.o(.data)
    .data                                    0x2000000c   Section        2  at24cxx.o(.data)
    .data                                    0x20000010   Section        4  system_gd32f10x.o(.data)
    .bss                                     0x20000014   Section     2144  main.o(.bss)
    .bss                                     0x20000874   Section     8384  uart.o(.bss)
    STACK                                    0x20002938   Section     1024  startup_gd32f10x_hd.o(STACK)

    Global Symbols

    Symbol Name                              Value     Ov Type        Size  Object(Section)

    BuildAttributes$$THM_ISAv4$P$D$K$B$S$PE$A:L22UL41UL21$X:L11$S22US41US21$IEEE1$IW$USESV6$~STKCKD$USESV7$~SHL$OSPACE$ROPI$EBA8$MICROLIB$REQ8$PRES8$EABIv2 0x00000000   Number         0  anon$$obj.o ABSOLUTE
    __ARM_use_no_argv                        0x00000000   Number         0  main.o ABSOLUTE
    __arm_fini_                               - Undefined Weak Reference
    __cpp_initialize__aeabi_                  - Undefined Weak Reference
    __cxa_finalize                            - Undefined Weak Reference
    __decompress                              - Undefined Weak Reference
    _clock_init                               - Undefined Weak Reference
    _microlib_exit                            - Undefined Weak Reference
    _scanf_longlong                           - Undefined Weak Reference
    _scanf_real                               - Undefined Weak Reference
    _scanf_string                             - Undefined Weak Reference
    __Vectors_Size                           0x00000130   Number         0  startup_gd32f10x_hd.o ABSOLUTE
    __Vectors                                0x08000000   Data           4  startup_gd32f10x_hd.o(RESET)
    __Vectors_End                            0x08000130   Data           0  startup_gd32f10x_hd.o(RESET)
    __main                                   0x08000131   Thumb Code     0  entry.o(.ARM.Collect$$$$00000000)
    _main_stk                                0x08000131   Thumb Code     0  entry2.o(.ARM.Collect$$$$00000001)
    _main_scatterload                        0x08000135   Thumb Code     0  entry5.o(.ARM.Collect$$$$00000004)
    __main_after_scatterload                 0x08000139   Thumb Code     0  entry5.o(.ARM.Collect$$$$00000004)
    _main_clock                              0x08000139   Thumb Code     0  entry7b.o(.ARM.Collect$$$$00000008)
    _main_cpp_init                           0x08000139   Thumb Code     0  entry8b.o(.ARM.Collect$$$$0000000A)
    _main_init                               0x08000139   Thumb Code     0  entry9a.o(.ARM.Collect$$$$0000000B)
    __rt_lib_shutdown_fini                   0x08000141   Thumb Code     0  entry12b.o(.ARM.Collect$$$$0000000E)
    __rt_final_cpp                           0x08000145   Thumb Code     0  entry10a.o(.ARM.Collect$$$$0000000F)
    __rt_final_exit                          0x08000145   Thumb Code     0  entry11a.o(.ARM.Collect$$$$00000011)
    MSR_SP                                   0x08000149   Thumb Code     6  boot.o(.emb_text)
    Reset_Handler                            0x08000151   Thumb Code     8  startup_gd32f10x_hd.o(.text)
    ADC0_1_IRQHandler                        0x0800016b   Thumb Code     0  startup_gd32f10x_hd.o(.text)
    ADC2_IRQHandler                          0x0800016b   Thumb Code     0  startup_gd32f10x_hd.o(.text)
    CAN0_EWMC_IRQHandler                     0x0800016b   Thumb Code     0  startup_gd32f10x_hd.o(.text)
    CAN0_RX1_IRQHandler                      0x0800016b   Thumb Code     0  startup_gd32f10x_hd.o(.text)
    DMA0_Channel0_IRQHandler                 0x0800016b   Thumb Code     0  startup_gd32f10x_hd.o(.text)
    DMA0_Channel1_IRQHandler                 0x0800016b   Thumb Code     0  startup_gd32f10x_hd.o(.text)
    DMA0_Channel2_IRQHandler                 0x0800016b   Thumb Code     0  startup_gd32f10x_hd.o(.text)
    DMA0_Channel3_IRQHandler                 0x0800016b   Thumb Code     0  startup_gd32f10x_hd.o(.text)
    DMA0_Channel4_IRQHandler                 0x0800016b   Thumb Code     0  startup_gd32f10x_hd.o(.text)
    DMA0_Channel5_IRQHandler                 0x0800016b   Thumb Code     0  startup_gd32f10x_hd.o(.text)
    DMA0_Channel6_IRQHandler                 0x0800016b   Thumb Code     0  startup_gd32f10x_hd.o(.text)
    DMA1_Channel0_IRQHandler                 0x0800016b   Thumb Code     0  startup_gd32f10x_hd.o(.text)
    DMA1_Channel1_IRQHandler                 0x0800016b   Thumb Code     0  startup_gd32f10x_hd.o(.text)
    DMA1_Channel2_IRQHandler                 0x0800016b   Thumb Code     0  startup_gd32f10x_hd.o(.text)
    DMA1_Channel3_4_IRQHandler               0x0800016b   Thumb Code     0  startup_gd32f10x_hd.o(.text)
    EXMC_IRQHandler                          0x0800016b   Thumb Code     0  startup_gd32f10x_hd.o(.text)
    EXTI0_IRQHandler                         0x0800016b   Thumb Code     0  startup_gd32f10x_hd.o(.text)
    EXTI10_15_IRQHandler                     0x0800016b   Thumb Code     0  startup_gd32f10x_hd.o(.text)
    EXTI1_IRQHandler                         0x0800016b   Thumb Code     0  startup_gd32f10x_hd.o(.text)
    EXTI2_IRQHandler                         0x0800016b   Thumb Code     0  startup_gd32f10x_hd.o(.text)
    EXTI3_IRQHandler                         0x0800016b   Thumb Code     0  startup_gd32f10x_hd.o(.text)
    EXTI4_IRQHandler                         0x0800016b   Thumb Code     0  startup_gd32f10x_hd.o(.text)
    EXTI5_9_IRQHandler                       0x0800016b   Thumb Code     0  startup_gd32f10x_hd.o(.text)
    FMC_IRQHandler                           0x0800016b   Thumb Code     0  startup_gd32f10x_hd.o(.text)
    I2C0_ER_IRQHandler                       0x0800016b   Thumb Code     0  startup_gd32f10x_hd.o(.text)
    I2C0_EV_IRQHandler                       0x0800016b   Thumb Code     0  startup_gd32f10x_hd.o(.text)
    I2C1_ER_IRQHandler                       0x0800016b   Thumb Code     0  startup_gd32f10x_hd.o(.text)
    I2C1_EV_IRQHandler                       0x0800016b   Thumb Code     0  startup_gd32f10x_hd.o(.text)
    LVD_IRQHandler                           0x0800016b   Thumb Code     0  startup_gd32f10x_hd.o(.text)
    RCU_IRQHandler                           0x0800016b   Thumb Code     0  startup_gd32f10x_hd.o(.text)
    RTC_Alarm_IRQHandler                     0x0800016b   Thumb Code     0  startup_gd32f10x_hd.o(.text)
    RTC_IRQHandler                           0x0800016b   Thumb Code     0  startup_gd32f10x_hd.o(.text)
    SDIO_IRQHandler                          0x0800016b   Thumb Code     0  startup_gd32f10x_hd.o(.text)
    SPI0_IRQHandler                          0x0800016b   Thumb Code     0  startup_gd32f10x_hd.o(.text)
    SPI1_IRQHandler                          0x0800016b   Thumb Code     0  startup_gd32f10x_hd.o(.text)
    SPI2_IRQHandler                          0x0800016b   Thumb Code     0  startup_gd32f10x_hd.o(.text)
    TAMPER_IRQHandler                        0x0800016b   Thumb Code     0  startup_gd32f10x_hd.o(.text)
    TIMER0_BRK_IRQHandler                    0x0800016b   Thumb Code     0  startup_gd32f10x_hd.o(.text)
    TIMER0_Channel_IRQHandler                0x0800016b   Thumb Code     0  startup_gd32f10x_hd.o(.text)
    TIMER0_TRG_CMT_IRQHandler                0x0800016b   Thumb Code     0  startup_gd32f10x_hd.o(.text)
    TIMER0_UP_IRQHandler                     0x0800016b   Thumb Code     0  startup_gd32f10x_hd.o(.text)
    TIMER1_IRQHandler                        0x0800016b   Thumb Code     0  startup_gd32f10x_hd.o(.text)
    TIMER2_IRQHandler                        0x0800016b   Thumb Code     0  startup_gd32f10x_hd.o(.text)
    TIMER3_IRQHandler                        0x0800016b   Thumb Code     0  startup_gd32f10x_hd.o(.text)
    TIMER4_IRQHandler                        0x0800016b   Thumb Code     0  startup_gd32f10x_hd.o(.text)
    TIMER5_IRQHandler                        0x0800016b   Thumb Code     0  startup_gd32f10x_hd.o(.text)
    TIMER6_IRQHandler                        0x0800016b   Thumb Code     0  startup_gd32f10x_hd.o(.text)
    TIMER7_BRK_IRQHandler                    0x0800016b   Thumb Code     0  startup_gd32f10x_hd.o(.text)
    TIMER7_Channel_IRQHandler                0x0800016b   Thumb Code     0  startup_gd32f10x_hd.o(.text)
    TIMER7_TRG_CMT_IRQHandler                0x0800016b   Thumb Code     0  startup_gd32f10x_hd.o(.text)
    TIMER7_UP_IRQHandler                     0x0800016b   Thumb Code     0  startup_gd32f10x_hd.o(.text)
    UART3_IRQHandler                         0x0800016b   Thumb Code     0  startup_gd32f10x_hd.o(.text)
    UART4_IRQHandler                         0x0800016b   Thumb Code     0  startup_gd32f10x_hd.o(.text)
    USART1_IRQHandler                        0x0800016b   Thumb Code     0  startup_gd32f10x_hd.o(.text)
    USBD_HP_CAN0_TX_IRQHandler               0x0800016b   Thumb Code     0  startup_gd32f10x_hd.o(.text)
    USBD_LP_CAN0_RX0_IRQHandler              0x0800016b   Thumb Code     0  startup_gd32f10x_hd.o(.text)
    USBD_WKUP_IRQHandler                     0x0800016b   Thumb Code     0  startup_gd32f10x_hd.o(.text)
    WWDGT_IRQHandler                         0x0800016b   Thumb Code     0  startup_gd32f10x_hd.o(.text)
    __aeabi_memcpy                           0x08000175   Thumb Code    36  memcpya.o(.text)
    __aeabi_memcpy4                          0x08000175   Thumb Code     0  memcpya.o(.text)
    __aeabi_memcpy8                          0x08000175   Thumb Code     0  memcpya.o(.text)
    __aeabi_memset                           0x08000199   Thumb Code    14  memseta.o(.text)
    __aeabi_memset4                          0x08000199   Thumb Code     0  memseta.o(.text)
    __aeabi_memset8                          0x08000199   Thumb Code     0  memseta.o(.text)
    __aeabi_memclr                           0x080001a7   Thumb Code     4  memseta.o(.text)
    __aeabi_memclr4                          0x080001a7   Thumb Code     0  memseta.o(.text)
    __aeabi_memclr8                          0x080001a7   Thumb Code     0  memseta.o(.text)
    _memset$wrapper                          0x080001ab   Thumb Code    18  memseta.o(.text)
    strlen                                   0x080001bd   Thumb Code    14  strlen.o(.text)
    __0sscanf                                0x080001cd   Thumb Code    48  __0sscanf.o(.text)
    _scanf_int                               0x08000205   Thumb Code   332  _scanf_int.o(.text)
    __aeabi_dmul                             0x08000351   Thumb Code   228  dmul.o(.text)
    __aeabi_uidiv                            0x08000435   Thumb Code     0  uidiv.o(.text)
    __aeabi_uidivmod                         0x08000435   Thumb Code    44  uidiv.o(.text)
    __aeabi_uldivmod                         0x08000461   Thumb Code    98  uldiv.o(.text)
    __aeabi_llsr                             0x080004c3   Thumb Code    32  llushr.o(.text)
    _ll_ushift_r                             0x080004c3   Thumb Code     0  llushr.o(.text)
    _chval                                   0x080004e3   Thumb Code    28  _chval.o(.text)
    __vfscanf_char                           0x0800050d   Thumb Code    20  scanf_char.o(.text)
    _sgetc                                   0x08000529   Thumb Code    30  _sgetc.o(.text)
    _sbackspace                              0x08000547   Thumb Code    34  _sgetc.o(.text)
    __I$use$fp                               0x08000569   Thumb Code     0  iusefp.o(.text)
    _double_round                            0x08000569   Thumb Code    30  depilogue.o(.text)
    _double_epilogue                         0x08000587   Thumb Code   156  depilogue.o(.text)
    __aeabi_dadd                             0x08000623   Thumb Code   322  dadd.o(.text)
    __aeabi_dsub                             0x08000765   Thumb Code     6  dadd.o(.text)
    __aeabi_drsub                            0x0800076b   Thumb Code     6  dadd.o(.text)
    __aeabi_ddiv                             0x08000771   Thumb Code   222  ddiv.o(.text)
    __aeabi_d2ulz                            0x0800084f   Thumb Code    48  dfixul.o(.text)
    __aeabi_cdrcmple                         0x08000881   Thumb Code    48  cdrcmple.o(.text)
    __scatterload                            0x080008b1   Thumb Code    28  init.o(.text)
    __scatterload_rt2                        0x080008b1   Thumb Code     0  init.o(.text)
    __aeabi_llsl                             0x080008d5   Thumb Code    30  llshl.o(.text)
    _ll_shift_l                              0x080008d5   Thumb Code     0  llshl.o(.text)
    __aeabi_lasr                             0x080008f3   Thumb Code    36  llsshr.o(.text)
    _ll_sshift_r                             0x080008f3   Thumb Code     0  llsshr.o(.text)
    isspace                                  0x08000917   Thumb Code    10  isspace_c.o(.text)
    __vfscanf                                0x08000921   Thumb Code   810  _scanf.o(.text)
    __ctype_lookup                           0x08000c51   Thumb Code    34  ctype_c.o(.text)
    BusFault_Handler                         0x08000c79   Thumb Code     4  gd32f10x_it.o(i.BusFault_Handler)
    DebugMon_Handler                         0x08000c7d   Thumb Code     2  gd32f10x_it.o(i.DebugMon_Handler)
    HardFault_Handler                        0x08000c7f   Thumb Code     4  gd32f10x_it.o(i.HardFault_Handler)
    MemManage_Handler                        0x08000c83   Thumb Code     4  gd32f10x_it.o(i.MemManage_Handler)
    NMI_Handler                              0x08000c87   Thumb Code     2  gd32f10x_it.o(i.NMI_Handler)
    PendSV_Handler                           0x08000cd9   Thumb Code     2  gd32f10x_it.o(i.PendSV_Handler)
    SVC_Handler                              0x08000cdb   Thumb Code     2  gd32f10x_it.o(i.SVC_Handler)
    SysTick_Handler                          0x08000cdd   Thumb Code    22  gd32f10x_it.o(i.SysTick_Handler)
    SystemInit                               0x08000cf9   Thumb Code   196  system_gd32f10x.o(i.SystemInit)
    USART0_IRQHandler                        0x08000dcd   Thumb Code   182  gd32f10x_it.o(i.USART0_IRQHandler)
    USART2_IRQHandler                        0x08000e99   Thumb Code   182  gd32f10x_it.o(i.USART2_IRQHandler)
    UsageFault_Handler                       0x08000f65   Thumb Code     4  gd32f10x_it.o(i.UsageFault_Handler)
    __0vsprintf                              0x08000f69   Thumb Code    30  printfa.o(i.__0vsprintf)
    __1vsprintf                              0x08000f69   Thumb Code     0  printfa.o(i.__0vsprintf)
    __2vsprintf                              0x08000f69   Thumb Code     0  printfa.o(i.__0vsprintf)
    __c89vsprintf                            0x08000f69   Thumb Code     0  printfa.o(i.__0vsprintf)
    vsprintf                                 0x08000f69   Thumb Code     0  printfa.o(i.__0vsprintf)
    __scatterload_copy                       0x08000f8d   Thumb Code    14  handlers.o(i.__scatterload_copy)
    __scatterload_null                       0x08000f9b   Thumb Code     2  handlers.o(i.__scatterload_null)
    __scatterload_zeroinit                   0x08000f9d   Thumb Code    14  handlers.o(i.__scatterload_zeroinit)
    at24cxx_read_OTA_info                    0x08001841   Thumb Code    22  boot.o(i.at24cxx_read_OTA_info)
    at24cxx_write_OTA_info                   0x0800185d   Thumb Code    38  boot.o(i.at24cxx_write_OTA_info)
    bootloader_branch                        0x08001889   Thumb Code    72  boot.o(i.bootloader_branch)
    bootloader_enter                         0x08001929   Thumb Code    52  boot.o(i.bootloader_enter)
    bootloader_event                         0x0800199d   Thumb Code   142  boot.o(i.bootloader_event)
    bootloader_info                          0x08001a31   Thumb Code    52  boot.o(i.bootloader_info)
    bootloader_peripheral_clear              0x08001b35   Thumb Code    40  boot.o(i.bootloader_peripheral_clear)
    delay_1ms                                0x08001b75   Thumb Code    16  systick.o(i.delay_1ms)
    delay_decrement                          0x08001b89   Thumb Code    18  systick.o(i.delay_decrement)
    dma_channel_disable                      0x08001c65   Thumb Code    50  gd32f10x_dma.o(i.dma_channel_disable)
    dma_channel_enable                       0x08001c97   Thumb Code    50  gd32f10x_dma.o(i.dma_channel_enable)
    dma_circulation_disable                  0x08001cc9   Thumb Code    50  gd32f10x_dma.o(i.dma_circulation_disable)
    dma_deinit                               0x08001cfb   Thumb Code   112  gd32f10x_dma.o(i.dma_deinit)
    dma_init                                 0x08001d6b   Thumb Code   302  gd32f10x_dma.o(i.dma_init)
    dma_memory_address_config                0x08001e99   Thumb Code    36  gd32f10x_dma.o(i.dma_memory_address_config)
    dma_transfer_number_config               0x08001ed5   Thumb Code    38  gd32f10x_dma.o(i.dma_transfer_number_config)
    dma_transfer_number_get                  0x08001efb   Thumb Code    34  gd32f10x_dma.o(i.dma_transfer_number_get)
    eeprom_buffer_read_timeout               0x08001f1d   Thumb Code   654  at24cxx.o(i.eeprom_buffer_read_timeout)
    eeprom_page_write_timeout                0x0800232d   Thumb Code   506  at24cxx.o(i.eeprom_page_write_timeout)
    erase_A                                  0x0800267d   Thumb Code    24  boot.o(i.erase_A)
    event_IAP_download_A                     0x080026b9   Thumb Code   238  boot.o(i.event_IAP_download_A)
    event_IAP_download_eflash                0x080027bd   Thumb Code   344  boot.o(i.event_IAP_download_eflash)
    event_cmd_check                          0x08002929   Thumb Code   268  boot.o(i.event_cmd_check)
    event_dbg_eflash_select                  0x08002b15   Thumb Code   206  boot.o(i.event_dbg_eflash_select)
    event_read_eflash                        0x08002cb9   Thumb Code    98  boot.o(i.event_read_eflash)
    event_set_version                        0x08002da5   Thumb Code   108  boot.o(i.event_set_version)
    event_write_eflash                       0x08002e85   Thumb Code   156  boot.o(i.event_write_eflash)
    event_write_eflash_to_A                  0x08002fa1   Thumb Code   282  boot.o(i.event_write_eflash_to_A)
    fmc_bank0_ready_wait                     0x08003119   Thumb Code    34  gd32f10x_fmc.o(i.fmc_bank0_ready_wait)
    fmc_bank0_state_get                      0x0800313d   Thumb Code    44  gd32f10x_fmc.o(i.fmc_bank0_state_get)
    fmc_bank1_ready_wait                     0x0800316d   Thumb Code    34  gd32f10x_fmc.o(i.fmc_bank1_ready_wait)
    fmc_bank1_state_get                      0x08003191   Thumb Code    44  gd32f10x_fmc.o(i.fmc_bank1_state_get)
    fmc_lock                                 0x080031c1   Thumb Code    34  gd32f10x_fmc.o(i.fmc_lock)
    fmc_page_erase                           0x080031ed   Thumb Code   222  gd32f10x_fmc.o(i.fmc_page_erase)
    fmc_unlock                               0x080032d9   Thumb Code    52  gd32f10x_fmc.o(i.fmc_unlock)
    fmc_word_program                         0x0800331d   Thumb Code   178  gd32f10x_fmc.o(i.fmc_word_program)
    gd32_erase_flash                         0x080033dd   Thumb Code    48  fmc.o(i.gd32_erase_flash)
    gd32_write_flash                         0x0800340d   Thumb Code    38  fmc.o(i.gd32_write_flash)
    gpio_bit_reset                           0x08003433   Thumb Code     4  gd32f10x_gpio.o(i.gpio_bit_reset)
    gpio_bit_set                             0x08003437   Thumb Code     4  gd32f10x_gpio.o(i.gpio_bit_set)
    gpio_config                              0x0800343d   Thumb Code    36  i2c.o(i.gpio_config)
    gpio_deinit                              0x08003465   Thumb Code   186  gd32f10x_gpio.o(i.gpio_deinit)
    gpio_init                                0x08003529   Thumb Code   172  gd32f10x_gpio.o(i.gpio_init)
    i2c_ack_config                           0x080035d5   Thumb Code    16  gd32f10x_i2c.o(i.i2c_ack_config)
    i2c_ackpos_config                        0x080035e5   Thumb Code    16  gd32f10x_i2c.o(i.i2c_ackpos_config)
    i2c_bus_reset                            0x080035f5   Thumb Code   144  i2c.o(i.i2c_bus_reset)
    i2c_clock_config                         0x0800368d   Thumb Code   216  gd32f10x_i2c.o(i.i2c_clock_config)
    i2c_config                               0x08003771   Thumb Code    50  i2c.o(i.i2c_config)
    i2c_data_receive                         0x080037ad   Thumb Code     8  gd32f10x_i2c.o(i.i2c_data_receive)
    i2c_data_transmit                        0x080037b5   Thumb Code     6  gd32f10x_i2c.o(i.i2c_data_transmit)
    i2c_deinit                               0x080037bd   Thumb Code    60  gd32f10x_i2c.o(i.i2c_deinit)
    i2c_eeprom_init                          0x080037fd   Thumb Code    14  at24cxx.o(i.i2c_eeprom_init)
    i2c_enable                               0x08003811   Thumb Code    10  gd32f10x_i2c.o(i.i2c_enable)
    i2c_flag_clear                           0x0800381b   Thumb Code    40  gd32f10x_i2c.o(i.i2c_flag_clear)
    i2c_flag_get                             0x08003843   Thumb Code    30  gd32f10x_i2c.o(i.i2c_flag_get)
    i2c_master_addressing                    0x08003861   Thumb Code    20  gd32f10x_i2c.o(i.i2c_master_addressing)
    i2c_mode_addr_config                     0x08003875   Thumb Code    28  gd32f10x_i2c.o(i.i2c_mode_addr_config)
    i2c_start_on_bus                         0x08003891   Thumb Code    10  gd32f10x_i2c.o(i.i2c_start_on_bus)
    i2c_stop_on_bus                          0x0800389b   Thumb Code    10  gd32f10x_i2c.o(i.i2c_stop_on_bus)
    i2cx_init                                0x080038a5   Thumb Code    12  i2c.o(i.i2cx_init)
    load_A                                   0x080038b1   Thumb Code    52  boot.o(i.load_A)
    main                                     0x08003911   Thumb Code    44  main.o(i.main)
    nvic_irq_enable                          0x0800393d   Thumb Code   162  gd32f10x_misc.o(i.nvic_irq_enable)
    nvic_priority_group_set                  0x080039e9   Thumb Code    10  gd32f10x_misc.o(i.nvic_priority_group_set)
    nvic_vector_table_set                    0x080039fd   Thumb Code    16  gd32f10x_misc.o(i.nvic_vector_table_set)
    rcu_clock_freq_get                       0x08003a15   Thumb Code   264  gd32f10x_rcu.o(i.rcu_clock_freq_get)
    rcu_periph_clock_enable                  0x08003b39   Thumb Code    28  gd32f10x_rcu.o(i.rcu_periph_clock_enable)
    rcu_periph_reset_disable                 0x08003b59   Thumb Code    28  gd32f10x_rcu.o(i.rcu_periph_reset_disable)
    rcu_periph_reset_enable                  0x08003b79   Thumb Code    28  gd32f10x_rcu.o(i.rcu_periph_reset_enable)
    spi0_init                                0x08003b99   Thumb Code    94  spi.o(i.spi0_init)
    spi0_read                                0x08003c01   Thumb Code    28  spi.o(i.spi0_read)
    spi0_rw_byte                             0x08003c1d   Thumb Code    50  spi.o(i.spi0_rw_byte)
    spi0_write                               0x08003c55   Thumb Code    26  spi.o(i.spi0_write)
    spi_enable                               0x08003c6f   Thumb Code    10  gd32f10x_spi.o(i.spi_enable)
    spi_i2s_data_receive                     0x08003c79   Thumb Code     8  gd32f10x_spi.o(i.spi_i2s_data_receive)
    spi_i2s_data_transmit                    0x08003c81   Thumb Code     4  gd32f10x_spi.o(i.spi_i2s_data_transmit)
    spi_i2s_deinit                           0x08003c85   Thumb Code    82  gd32f10x_spi.o(i.spi_i2s_deinit)
    spi_i2s_flag_get                         0x08003cdd   Thumb Code    16  gd32f10x_spi.o(i.spi_i2s_flag_get)
    spi_init                                 0x08003ced   Thumb Code    50  gd32f10x_spi.o(i.spi_init)
    systick_config                           0x08003ded   Thumb Code    74  systick.o(i.systick_config)
    u0_input_detection                       0x08003e3d   Thumb Code    72  boot.o(i.u0_input_detection)
    u0_printf                                0x08003e89   Thumb Code    84  uart.o(i.u0_printf)
    u0_printf_C                              0x08003ee5   Thumb Code    40  boot.o(i.u0_printf_C)
    uart0_init                               0x08003f3d   Thumb Code   154  uart.o(i.uart0_init)
    usart_baudrate_set                       0x08003fe1   Thumb Code   136  gd32f10x_usart.o(i.usart_baudrate_set)
    usart_data_receive                       0x08004071   Thumb Code    10  gd32f10x_usart.o(i.usart_data_receive)
    usart_data_transmit                      0x0800407b   Thumb Code     8  gd32f10x_usart.o(i.usart_data_transmit)
    usart_deinit                             0x08004085   Thumb Code   136  gd32f10x_usart.o(i.usart_deinit)
    usart_dma_receive_config                 0x08004115   Thumb Code    20  gd32f10x_usart.o(i.usart_dma_receive_config)
    usart_enable                             0x08004129   Thumb Code    10  gd32f10x_usart.o(i.usart_enable)
    usart_flag_get                           0x08004133   Thumb Code    30  gd32f10x_usart.o(i.usart_flag_get)
    usart_interrupt_enable                   0x08004151   Thumb Code    26  gd32f10x_usart.o(i.usart_interrupt_enable)
    usart_interrupt_flag_get                 0x0800416b   Thumb Code    56  gd32f10x_usart.o(i.usart_interrupt_flag_get)
    usart_parity_config                      0x080041a3   Thumb Code    16  gd32f10x_usart.o(i.usart_parity_config)
    usart_receive_config                     0x080041b3   Thumb Code    16  gd32f10x_usart.o(i.usart_receive_config)
    usart_stop_bit_set                       0x080041c3   Thumb Code    16  gd32f10x_usart.o(i.usart_stop_bit_set)
    usart_transmit_config                    0x080041d3   Thumb Code    16  gd32f10x_usart.o(i.usart_transmit_config)
    usart_word_length_set                    0x080041e3   Thumb Code    16  gd32f10x_usart.o(i.usart_word_length_set)
    w25q64_enable                            0x080041f5   Thumb Code    30  w25q64.o(i.w25q64_enable)
    w25q64_erase64k                          0x08004219   Thumb Code    70  w25q64.o(i.w25q64_erase64k)
    w25q64_init                              0x08004265   Thumb Code    36  w25q64.o(i.w25q64_init)
    w25q64_page_write                        0x0800428d   Thumb Code    80  w25q64.o(i.w25q64_page_write)
    w25q64_read                              0x080042e1   Thumb Code    70  w25q64.o(i.w25q64_read)
    w25q64_waitbusy                          0x0800432d   Thumb Code    44  w25q64.o(i.w25q64_waitbusy)
    xmodem_CRC16                             0x0800435d   Thumb Code    66  boot.o(i.xmodem_CRC16)
    __ctype_categories                       0x0800439e   Data          64  ctype_c.o(.constdata)
    Region$$Table$$Base                      0x08004430   Number         0  anon$$obj.o(Region$$Table)
    Region$$Table$$Limit                     0x08004450   Number         0  anon$$obj.o(Region$$Table)
    BootSta_Flag                             0x20000004   Data           4  main.o(.data)
    LOAD_A                                   0x20000008   Data           4  boot.o(.data)
    eeprom_address                           0x2000000c   Data           2  at24cxx.o(.data)
    SystemCoreClock                          0x20000010   Data           4  system_gd32f10x.o(.data)
    OTA_Info                                 0x20000014   Data          80  main.o(.bss)
    UpdataA                                  0x20000064   Data        2064  main.o(.bss)
    U0_RxBuff                                0x20000874   Data        2048  uart.o(.bss)
    U0_TxBuff                                0x20001074   Data        2048  uart.o(.bss)
    U0CB                                     0x20001874   Data          96  uart.o(.bss)
    U2_RxBuff                                0x200018d4   Data        2048  uart.o(.bss)
    U2_TxBuff                                0x200020d4   Data        2048  uart.o(.bss)
    U2CB                                     0x200028d4   Data          96  uart.o(.bss)
    __initial_sp                             0x20002d38   Data           0  startup_gd32f10x_hd.o(STACK)



==============================================================================

Memory Map of the image

  Image Entry point : 0x08000131

  Load Region LR_IROM1 (Base: 0x08000000, Size: 0x00004464, Max: 0x00004fff, ABSOLUTE)

    Execution Region ER_IROM1 (Exec base: 0x08000000, Load base: 0x08000000, Size: 0x00004450, Max: 0x00004fff, ABSOLUTE)

    Exec Addr    Load Addr    Size         Type   Attr      Idx    E Section Name        Object

    0x08000000   0x08000000   0x00000130   Data   RO         4539    RESET               startup_gd32f10x_hd.o
    0x08000130   0x08000130   0x00000000   Code   RO         4605  * .ARM.Collect$$$$00000000  mc_w.l(entry.o)
    0x08000130   0x08000130   0x00000004   Code   RO         4654    .ARM.Collect$$$$00000001  mc_w.l(entry2.o)
    0x08000134   0x08000134   0x00000004   Code   RO         4657    .ARM.Collect$$$$00000004  mc_w.l(entry5.o)
    0x08000138   0x08000138   0x00000000   Code   RO         4659    .ARM.Collect$$$$00000008  mc_w.l(entry7b.o)
    0x08000138   0x08000138   0x00000000   Code   RO         4661    .ARM.Collect$$$$0000000A  mc_w.l(entry8b.o)
    0x08000138   0x08000138   0x00000008   Code   RO         4662    .ARM.Collect$$$$0000000B  mc_w.l(entry9a.o)
    0x08000140   0x08000140   0x00000004   Code   RO         4669    .ARM.Collect$$$$0000000E  mc_w.l(entry12b.o)
    0x08000144   0x08000144   0x00000000   Code   RO         4664    .ARM.Collect$$$$0000000F  mc_w.l(entry10a.o)
    0x08000144   0x08000144   0x00000000   Code   RO         4666    .ARM.Collect$$$$00000011  mc_w.l(entry11a.o)
    0x08000144   0x08000144   0x00000004   Code   RO         4655    .ARM.Collect$$$$00002712  mc_w.l(entry2.o)
    0x08000148   0x08000148   0x00000006   Code   RO          303    .emb_text           boot.o
    0x0800014e   0x0800014e   0x00000002   PAD
    0x08000150   0x08000150   0x00000024   Code   RO         4540    .text               startup_gd32f10x_hd.o
    0x08000174   0x08000174   0x00000024   Code   RO         4608    .text               mc_w.l(memcpya.o)
    0x08000198   0x08000198   0x00000024   Code   RO         4610    .text               mc_w.l(memseta.o)
    0x080001bc   0x080001bc   0x0000000e   Code   RO         4612    .text               mc_w.l(strlen.o)
    0x080001ca   0x080001ca   0x00000002   PAD
    0x080001cc   0x080001cc   0x00000038   Code   RO         4644    .text               mc_w.l(__0sscanf.o)
    0x08000204   0x08000204   0x0000014c   Code   RO         4646    .text               mc_w.l(_scanf_int.o)
    0x08000350   0x08000350   0x000000e4   Code   RO         4648    .text               mf_w.l(dmul.o)
    0x08000434   0x08000434   0x0000002c   Code   RO         4673    .text               mc_w.l(uidiv.o)
    0x08000460   0x08000460   0x00000062   Code   RO         4675    .text               mc_w.l(uldiv.o)
    0x080004c2   0x080004c2   0x00000020   Code   RO         4677    .text               mc_w.l(llushr.o)
    0x080004e2   0x080004e2   0x0000001c   Code   RO         4679    .text               mc_w.l(_chval.o)
    0x080004fe   0x080004fe   0x00000002   PAD
    0x08000500   0x08000500   0x00000028   Code   RO         4681    .text               mc_w.l(scanf_char.o)
    0x08000528   0x08000528   0x00000040   Code   RO         4683    .text               mc_w.l(_sgetc.o)
    0x08000568   0x08000568   0x00000000   Code   RO         4685    .text               mc_w.l(iusefp.o)
    0x08000568   0x08000568   0x000000ba   Code   RO         4686    .text               mf_w.l(depilogue.o)
    0x08000622   0x08000622   0x0000014e   Code   RO         4688    .text               mf_w.l(dadd.o)
    0x08000770   0x08000770   0x000000de   Code   RO         4690    .text               mf_w.l(ddiv.o)
    0x0800084e   0x0800084e   0x00000030   Code   RO         4692    .text               mf_w.l(dfixul.o)
    0x0800087e   0x0800087e   0x00000002   PAD
    0x08000880   0x08000880   0x00000030   Code   RO         4694    .text               mf_w.l(cdrcmple.o)
    0x080008b0   0x080008b0   0x00000024   Code   RO         4696    .text               mc_w.l(init.o)
    0x080008d4   0x080008d4   0x0000001e   Code   RO         4699    .text               mc_w.l(llshl.o)
    0x080008f2   0x080008f2   0x00000024   Code   RO         4701    .text               mc_w.l(llsshr.o)
    0x08000916   0x08000916   0x0000000a   Code   RO         4703    .text               mc_w.l(isspace_c.o)
    0x08000920   0x08000920   0x00000330   Code   RO         4705    .text               mc_w.l(_scanf.o)
    0x08000c50   0x08000c50   0x00000028   Code   RO         4708    .text               mc_w.l(ctype_c.o)
    0x08000c78   0x08000c78   0x00000004   Code   RO            3    i.BusFault_Handler  gd32f10x_it.o
    0x08000c7c   0x08000c7c   0x00000002   Code   RO            4    i.DebugMon_Handler  gd32f10x_it.o
    0x08000c7e   0x08000c7e   0x00000004   Code   RO            5    i.HardFault_Handler  gd32f10x_it.o
    0x08000c82   0x08000c82   0x00000004   Code   RO            6    i.MemManage_Handler  gd32f10x_it.o
    0x08000c86   0x08000c86   0x00000002   Code   RO            7    i.NMI_Handler       gd32f10x_it.o
    0x08000c88   0x08000c88   0x00000028   Code   RO          208    i.NVIC_SetPriority  systick.o
    0x08000cb0   0x08000cb0   0x00000028   Code   RO          304    i.NVIC_SystemReset  boot.o
    0x08000cd8   0x08000cd8   0x00000002   Code   RO            8    i.PendSV_Handler    gd32f10x_it.o
    0x08000cda   0x08000cda   0x00000002   Code   RO            9    i.SVC_Handler       gd32f10x_it.o
    0x08000cdc   0x08000cdc   0x0000001c   Code   RO           10    i.SysTick_Handler   gd32f10x_it.o
    0x08000cf8   0x08000cf8   0x000000d4   Code   RO          854    i.SystemInit        system_gd32f10x.o
    0x08000dcc   0x08000dcc   0x000000cc   Code   RO           11    i.USART0_IRQHandler  gd32f10x_it.o
    0x08000e98   0x08000e98   0x000000cc   Code   RO           12    i.USART2_IRQHandler  gd32f10x_it.o
    0x08000f64   0x08000f64   0x00000004   Code   RO           13    i.UsageFault_Handler  gd32f10x_it.o
    0x08000f68   0x08000f68   0x00000024   Code   RO         4623    i.__0vsprintf       mc_w.l(printfa.o)
    0x08000f8c   0x08000f8c   0x0000000e   Code   RO         4713    i.__scatterload_copy  mc_w.l(handlers.o)
    0x08000f9a   0x08000f9a   0x00000002   Code   RO         4714    i.__scatterload_null  mc_w.l(handlers.o)
    0x08000f9c   0x08000f9c   0x0000000e   Code   RO         4715    i.__scatterload_zeroinit  mc_w.l(handlers.o)
    0x08000faa   0x08000faa   0x00000002   PAD
    0x08000fac   0x08000fac   0x00000184   Code   RO         4624    i._fp_digits        mc_w.l(printfa.o)
    0x08001130   0x08001130   0x000006b4   Code   RO         4625    i._printf_core      mc_w.l(printfa.o)
    0x080017e4   0x080017e4   0x00000024   Code   RO         4626    i._printf_post_padding  mc_w.l(printfa.o)
    0x08001808   0x08001808   0x0000002e   Code   RO         4627    i._printf_pre_padding  mc_w.l(printfa.o)
    0x08001836   0x08001836   0x0000000a   Code   RO         4629    i._sputc            mc_w.l(printfa.o)
    0x08001840   0x08001840   0x0000001c   Code   RO          305    i.at24cxx_read_OTA_info  boot.o
    0x0800185c   0x0800185c   0x0000002c   Code   RO          306    i.at24cxx_write_OTA_info  boot.o
    0x08001888   0x08001888   0x000000a0   Code   RO          307    i.bootloader_branch  boot.o
    0x08001928   0x08001928   0x00000074   Code   RO          308    i.bootloader_enter  boot.o
    0x0800199c   0x0800199c   0x00000094   Code   RO          309    i.bootloader_event  boot.o
    0x08001a30   0x08001a30   0x00000104   Code   RO          310    i.bootloader_info   boot.o
    0x08001b34   0x08001b34   0x00000040   Code   RO          311    i.bootloader_peripheral_clear  boot.o
    0x08001b74   0x08001b74   0x00000014   Code   RO          209    i.delay_1ms         systick.o
    0x08001b88   0x08001b88   0x00000018   Code   RO          210    i.delay_decrement   systick.o
    0x08001ba0   0x08001ba0   0x000000c4   Code   RO          615    i.dma0_init         uart.o
    0x08001c64   0x08001c64   0x00000032   Code   RO         1760    i.dma_channel_disable  gd32f10x_dma.o
    0x08001c96   0x08001c96   0x00000032   Code   RO         1761    i.dma_channel_enable  gd32f10x_dma.o
    0x08001cc8   0x08001cc8   0x00000032   Code   RO         1762    i.dma_circulation_disable  gd32f10x_dma.o
    0x08001cfa   0x08001cfa   0x00000070   Code   RO         1764    i.dma_deinit        gd32f10x_dma.o
    0x08001d6a   0x08001d6a   0x0000012e   Code   RO         1767    i.dma_init          gd32f10x_dma.o
    0x08001e98   0x08001e98   0x00000024   Code   RO         1772    i.dma_memory_address_config  gd32f10x_dma.o
    0x08001ebc   0x08001ebc   0x00000018   Code   RO         1779    i.dma_periph_and_channel_check  gd32f10x_dma.o
    0x08001ed4   0x08001ed4   0x00000026   Code   RO         1786    i.dma_transfer_number_config  gd32f10x_dma.o
    0x08001efa   0x08001efa   0x00000022   Code   RO         1787    i.dma_transfer_number_get  gd32f10x_dma.o
    0x08001f1c   0x08001f1c   0x00000410   Code   RO          550    i.eeprom_buffer_read_timeout  at24cxx.o
    0x0800232c   0x0800232c   0x00000350   Code   RO          553    i.eeprom_page_write_timeout  at24cxx.o
    0x0800267c   0x0800267c   0x0000003c   Code   RO          312    i.erase_A           boot.o
    0x080026b8   0x080026b8   0x00000104   Code   RO          313    i.event_IAP_download_A  boot.o
    0x080027bc   0x080027bc   0x0000016c   Code   RO          314    i.event_IAP_download_eflash  boot.o
    0x08002928   0x08002928   0x000001ec   Code   RO          315    i.event_cmd_check   boot.o
    0x08002b14   0x08002b14   0x000001a4   Code   RO          316    i.event_dbg_eflash_select  boot.o
    0x08002cb8   0x08002cb8   0x000000ec   Code   RO          318    i.event_read_eflash  boot.o
    0x08002da4   0x08002da4   0x000000e0   Code   RO          319    i.event_set_version  boot.o
    0x08002e84   0x08002e84   0x0000011c   Code   RO          320    i.event_write_eflash  boot.o
    0x08002fa0   0x08002fa0   0x00000178   Code   RO          321    i.event_write_eflash_to_A  boot.o
    0x08003118   0x08003118   0x00000022   Code   RO         2207    i.fmc_bank0_ready_wait  gd32f10x_fmc.o
    0x0800313a   0x0800313a   0x00000002   PAD
    0x0800313c   0x0800313c   0x00000030   Code   RO         2208    i.fmc_bank0_state_get  gd32f10x_fmc.o
    0x0800316c   0x0800316c   0x00000022   Code   RO         2212    i.fmc_bank1_ready_wait  gd32f10x_fmc.o
    0x0800318e   0x0800318e   0x00000002   PAD
    0x08003190   0x08003190   0x00000030   Code   RO         2213    i.fmc_bank1_state_get  gd32f10x_fmc.o
    0x080031c0   0x080031c0   0x0000002c   Code   RO         2222    i.fmc_lock          gd32f10x_fmc.o
    0x080031ec   0x080031ec   0x000000ec   Code   RO         2224    i.fmc_page_erase    gd32f10x_fmc.o
    0x080032d8   0x080032d8   0x00000044   Code   RO         2225    i.fmc_unlock        gd32f10x_fmc.o
    0x0800331c   0x0800331c   0x000000c0   Code   RO         2226    i.fmc_word_program  gd32f10x_fmc.o
    0x080033dc   0x080033dc   0x00000030   Code   RO          729    i.gd32_erase_flash  fmc.o
    0x0800340c   0x0800340c   0x00000026   Code   RO          730    i.gd32_write_flash  fmc.o
    0x08003432   0x08003432   0x00000004   Code   RO         2489    i.gpio_bit_reset    gd32f10x_gpio.o
    0x08003436   0x08003436   0x00000004   Code   RO         2490    i.gpio_bit_set      gd32f10x_gpio.o
    0x0800343a   0x0800343a   0x00000002   PAD
    0x0800343c   0x0800343c   0x00000028   Code   RO          806    i.gpio_config       i2c.o
    0x08003464   0x08003464   0x000000c4   Code   RO         2492    i.gpio_deinit       gd32f10x_gpio.o
    0x08003528   0x08003528   0x000000ac   Code   RO         2497    i.gpio_init         gd32f10x_gpio.o
    0x080035d4   0x080035d4   0x00000010   Code   RO         2607    i.i2c_ack_config    gd32f10x_i2c.o
    0x080035e4   0x080035e4   0x00000010   Code   RO         2608    i.i2c_ackpos_config  gd32f10x_i2c.o
    0x080035f4   0x080035f4   0x00000098   Code   RO          807    i.i2c_bus_reset     i2c.o
    0x0800368c   0x0800368c   0x000000e4   Code   RO         2609    i.i2c_clock_config  gd32f10x_i2c.o
    0x08003770   0x08003770   0x0000003c   Code   RO          808    i.i2c_config        i2c.o
    0x080037ac   0x080037ac   0x00000008   Code   RO         2610    i.i2c_data_receive  gd32f10x_i2c.o
    0x080037b4   0x080037b4   0x00000006   Code   RO         2611    i.i2c_data_transmit  gd32f10x_i2c.o
    0x080037ba   0x080037ba   0x00000002   PAD
    0x080037bc   0x080037bc   0x00000040   Code   RO         2612    i.i2c_deinit        gd32f10x_i2c.o
    0x080037fc   0x080037fc   0x00000014   Code   RO          556    i.i2c_eeprom_init   at24cxx.o
    0x08003810   0x08003810   0x0000000a   Code   RO         2618    i.i2c_enable        gd32f10x_i2c.o
    0x0800381a   0x0800381a   0x00000028   Code   RO         2619    i.i2c_flag_clear    gd32f10x_i2c.o
    0x08003842   0x08003842   0x0000001e   Code   RO         2620    i.i2c_flag_get      gd32f10x_i2c.o
    0x08003860   0x08003860   0x00000014   Code   RO         2625    i.i2c_master_addressing  gd32f10x_i2c.o
    0x08003874   0x08003874   0x0000001c   Code   RO         2626    i.i2c_mode_addr_config  gd32f10x_i2c.o
    0x08003890   0x08003890   0x0000000a   Code   RO         2635    i.i2c_start_on_bus  gd32f10x_i2c.o
    0x0800389a   0x0800389a   0x0000000a   Code   RO         2636    i.i2c_stop_on_bus   gd32f10x_i2c.o
    0x080038a4   0x080038a4   0x0000000c   Code   RO          809    i.i2cx_init         i2c.o
    0x080038b0   0x080038b0   0x00000060   Code   RO          322    i.load_A            boot.o
    0x08003910   0x08003910   0x0000002c   Code   RO          263    i.main              main.o
    0x0800393c   0x0800393c   0x000000ac   Code   RO         2811    i.nvic_irq_enable   gd32f10x_misc.o
    0x080039e8   0x080039e8   0x00000014   Code   RO         2812    i.nvic_priority_group_set  gd32f10x_misc.o
    0x080039fc   0x080039fc   0x00000018   Code   RO         2813    i.nvic_vector_table_set  gd32f10x_misc.o
    0x08003a14   0x08003a14   0x00000124   Code   RO         2961    i.rcu_clock_freq_get  gd32f10x_rcu.o
    0x08003b38   0x08003b38   0x00000020   Code   RO         2978    i.rcu_periph_clock_enable  gd32f10x_rcu.o
    0x08003b58   0x08003b58   0x00000020   Code   RO         2981    i.rcu_periph_reset_disable  gd32f10x_rcu.o
    0x08003b78   0x08003b78   0x00000020   Code   RO         2982    i.rcu_periph_reset_enable  gd32f10x_rcu.o
    0x08003b98   0x08003b98   0x00000068   Code   RO          687    i.spi0_init         spi.o
    0x08003c00   0x08003c00   0x0000001c   Code   RO          688    i.spi0_read         spi.o
    0x08003c1c   0x08003c1c   0x00000038   Code   RO          689    i.spi0_rw_byte      spi.o
    0x08003c54   0x08003c54   0x0000001a   Code   RO          690    i.spi0_write        spi.o
    0x08003c6e   0x08003c6e   0x0000000a   Code   RO         3595    i.spi_enable        gd32f10x_spi.o
    0x08003c78   0x08003c78   0x00000008   Code   RO         3597    i.spi_i2s_data_receive  gd32f10x_spi.o
    0x08003c80   0x08003c80   0x00000004   Code   RO         3598    i.spi_i2s_data_transmit  gd32f10x_spi.o
    0x08003c84   0x08003c84   0x00000058   Code   RO         3599    i.spi_i2s_deinit    gd32f10x_spi.o
    0x08003cdc   0x08003cdc   0x00000010   Code   RO         3600    i.spi_i2s_flag_get  gd32f10x_spi.o
    0x08003cec   0x08003cec   0x00000032   Code   RO         3604    i.spi_init          gd32f10x_spi.o
    0x08003d1e   0x08003d1e   0x00000002   PAD
    0x08003d20   0x08003d20   0x000000c4   Code   RO          855    i.system_clock_108m_hxtal  system_gd32f10x.o
    0x08003de4   0x08003de4   0x00000008   Code   RO          856    i.system_clock_config  system_gd32f10x.o
    0x08003dec   0x08003dec   0x00000050   Code   RO          211    i.systick_config    systick.o
    0x08003e3c   0x08003e3c   0x0000004c   Code   RO          323    i.u0_input_detection  boot.o
    0x08003e88   0x08003e88   0x0000005c   Code   RO          616    i.u0_printf         uart.o
    0x08003ee4   0x08003ee4   0x00000034   Code   RO          324    i.u0_printf_C       boot.o
    0x08003f18   0x08003f18   0x00000024   Code   RO          618    i.u0rx_ptr_init     uart.o
    0x08003f3c   0x08003f3c   0x000000a4   Code   RO          621    i.uart0_init        uart.o
    0x08003fe0   0x08003fe0   0x00000090   Code   RO         4209    i.usart_baudrate_set  gd32f10x_usart.o
    0x08004070   0x08004070   0x0000000a   Code   RO         4210    i.usart_data_receive  gd32f10x_usart.o
    0x0800407a   0x0800407a   0x00000008   Code   RO         4211    i.usart_data_transmit  gd32f10x_usart.o
    0x08004082   0x08004082   0x00000002   PAD
    0x08004084   0x08004084   0x00000090   Code   RO         4212    i.usart_deinit      gd32f10x_usart.o
    0x08004114   0x08004114   0x00000014   Code   RO         4214    i.usart_dma_receive_config  gd32f10x_usart.o
    0x08004128   0x08004128   0x0000000a   Code   RO         4216    i.usart_enable      gd32f10x_usart.o
    0x08004132   0x08004132   0x0000001e   Code   RO         4218    i.usart_flag_get    gd32f10x_usart.o
    0x08004150   0x08004150   0x0000001a   Code   RO         4225    i.usart_interrupt_enable  gd32f10x_usart.o
    0x0800416a   0x0800416a   0x00000038   Code   RO         4227    i.usart_interrupt_flag_get  gd32f10x_usart.o
    0x080041a2   0x080041a2   0x00000010   Code   RO         4237    i.usart_parity_config  gd32f10x_usart.o
    0x080041b2   0x080041b2   0x00000010   Code   RO         4239    i.usart_receive_config  gd32f10x_usart.o
    0x080041c2   0x080041c2   0x00000010   Code   RO         4245    i.usart_stop_bit_set  gd32f10x_usart.o
    0x080041d2   0x080041d2   0x00000010   Code   RO         4249    i.usart_transmit_config  gd32f10x_usart.o
    0x080041e2   0x080041e2   0x00000010   Code   RO         4250    i.usart_word_length_set  gd32f10x_usart.o
    0x080041f2   0x080041f2   0x00000002   PAD
    0x080041f4   0x080041f4   0x00000024   Code   RO          485    i.w25q64_enable     w25q64.o
    0x08004218   0x08004218   0x0000004c   Code   RO          486    i.w25q64_erase64k   w25q64.o
    0x08004264   0x08004264   0x00000028   Code   RO          487    i.w25q64_init       w25q64.o
    0x0800428c   0x0800428c   0x00000054   Code   RO          488    i.w25q64_page_write  w25q64.o
    0x080042e0   0x080042e0   0x0000004c   Code   RO          489    i.w25q64_read       w25q64.o
    0x0800432c   0x0800432c   0x00000030   Code   RO          491    i.w25q64_waitbusy   w25q64.o
    0x0800435c   0x0800435c   0x00000042   Code   RO          326    i.xmodem_CRC16      boot.o
    0x0800439e   0x0800439e   0x00000040   Data   RO         4709    .constdata          mc_w.l(ctype_c.o)
    0x080043de   0x080043de   0x00000002   PAD
    0x080043e0   0x080043e0   0x0000004e   Data   RO          327    .conststring        boot.o
    0x0800442e   0x0800442e   0x00000002   PAD
    0x08004430   0x08004430   0x00000020   Data   RO         4711    Region$$Table       anon$$obj.o


    Execution Region RW_IRAM1 (Exec base: 0x20000000, Load base: 0x08004450, Size: 0x00002d38, Max: 0x00010000, ABSOLUTE)

    Exec Addr    Load Addr    Size         Type   Attr      Idx    E Section Name        Object

    0x20000000   0x08004450   0x00000004   Data   RW          212    .data               systick.o
    0x20000004   0x08004454   0x00000004   Data   RW          265    .data               main.o
    0x20000008   0x08004458   0x00000004   Data   RW          328    .data               boot.o
    0x2000000c   0x0800445c   0x00000002   Data   RW          557    .data               at24cxx.o
    0x2000000e   0x0800445e   0x00000002   PAD
    0x20000010   0x08004460   0x00000004   Data   RW          857    .data               system_gd32f10x.o
    0x20000014        -       0x00000860   Zero   RW          264    .bss                main.o
    0x20000874        -       0x000020c0   Zero   RW          623    .bss                uart.o
    0x20002934   0x08004464   0x00000004   PAD
    0x20002938        -       0x00000400   Zero   RW         4537    STACK               startup_gd32f10x_hd.o


==============================================================================

Image component sizes


      Code (inc. data)   RO Data    RW Data    ZI Data      Debug   Object Name

      1908        746          0          2          0       3520   at24cxx.o
      3872       1464         78          4          0      35630   boot.o
        86          0          0          0          0       1534   fmc.o
       696          6          0          0          0      11736   gd32f10x_dma.o
       704         62          0          0          0      10954   gd32f10x_fmc.o
       376         10          0          0          0       2794   gd32f10x_gpio.o
       486         16          0          0          0      14001   gd32f10x_i2c.o
       460         50          0          0          0      24046   gd32f10x_it.o
       216         28          0          0          0       2100   gd32f10x_misc.o
       388         40          0          0          0      16292   gd32f10x_rcu.o
       176          6          0          0          0      10123   gd32f10x_spi.o
       528         16          0          0          0      15100   gd32f10x_usart.o
       264         22          0          0          0       1843   i2c.o
        44          0          0          4       2144       2879   main.o
       214         16          0          0          0       2564   spi.o
        36          8        304          0       1024        880   startup_gd32f10x_hd.o
       416         30          0          4          0       2875   system_gd32f10x.o
       164         24          0          4          0      28826   systick.o
       488         46          0          0       8384       4169   uart.o
       360         30          0          0          0       3648   w25q64.o

    ----------------------------------------------------------------------
     11898       2620        416         20      11556     195514   Object Totals
         0          0         32          0          0          0   (incl. Generated)
        16          0          2          2          4          0   (incl. Padding)

    ----------------------------------------------------------------------

      Code (inc. data)   RO Data    RW Data    ZI Data      Debug   Library Member Name

        56          8          0          0          0         84   __0sscanf.o
        28          0          0          0          0         68   _chval.o
       816          6          0          0          0        112   _scanf.o
       332          0          0          0          0         96   _scanf_int.o
        64          0          0          0          0         84   _sgetc.o
        40          6         64          0          0         68   ctype_c.o
         0          0          0          0          0          0   entry.o
         0          0          0          0          0          0   entry10a.o
         0          0          0          0          0          0   entry11a.o
         4          0          0          0          0          0   entry12b.o
         8          4          0          0          0          0   entry2.o
         4          0          0          0          0          0   entry5.o
         0          0          0          0          0          0   entry7b.o
         0          0          0          0          0          0   entry8b.o
         8          4          0          0          0          0   entry9a.o
        30          0          0          0          0          0   handlers.o
        36          8          0          0          0         68   init.o
        10          0          0          0          0         68   isspace_c.o
         0          0          0          0          0          0   iusefp.o
        30          0          0          0          0         68   llshl.o
        36          0          0          0          0         68   llsshr.o
        32          0          0          0          0         68   llushr.o
        36          0          0          0          0         68   memcpya.o
        36          0          0          0          0        108   memseta.o
      2232         86          0          0          0        528   printfa.o
        40          8          0          0          0         84   scanf_char.o
        14          0          0          0          0         68   strlen.o
        44          0          0          0          0         80   uidiv.o
        98          0          0          0          0         92   uldiv.o
        48          0          0          0          0         68   cdrcmple.o
       334          0          0          0          0        148   dadd.o
       222          0          0          0          0        100   ddiv.o
       186          0          0          0          0        176   depilogue.o
        48          0          0          0          0         68   dfixul.o
       228          0          0          0          0         96   dmul.o

    ----------------------------------------------------------------------
      5108        130         66          0          0       2536   Library Totals
         8          0          2          0          0          0   (incl. Padding)

    ----------------------------------------------------------------------

      Code (inc. data)   RO Data    RW Data    ZI Data      Debug   Library Name

      4034        130         64          0          0       1880   mc_w.l
      1066          0          0          0          0        656   mf_w.l

    ----------------------------------------------------------------------
      5108        130         66          0          0       2536   Library Totals

    ----------------------------------------------------------------------

==============================================================================


      Code (inc. data)   RO Data    RW Data    ZI Data      Debug   

     17006       2750        482         20      11556     190506   Grand Totals
     17006       2750        482         20      11556     190506   ELF Image Totals
     17006       2750        482         20          0          0   ROM Totals

==============================================================================

    Total RO  Size (Code + RO Data)                17488 (  17.08kB)
    Total RW  Size (RW Data + ZI Data)             11576 (  11.30kB)
    Total ROM Size (Code + RO Data + RW Data)      17508 (  17.10kB)

==============================================================================

